Component: ARM Compiler 5.06 update 6 (build 750) Tool: armlink [4d35ed]

==============================================================================

Section Cross References

    fpr_zn632.o(i.FPR_AddFinger) refers to printfa.o(i.__0printf) for __2printf
    fpr_zn632.o(i.FPR_AddFinger) refers to fpr_zn632.o(i.FPR_GetImage) for FPR_GetImage
    fpr_zn632.o(i.FPR_AddFinger) refers to fpr_zn632.o(i.ZN632_GenChar) for ZN632_GenChar
    fpr_zn632.o(i.FPR_AddFinger) refers to fpr_zn632.o(i.ZN632_HighSpeedSearch) for ZN632_HighSpeedSearch
    fpr_zn632.o(i.FPR_AddFinger) refers to fpr_zn632.o(i.ZN632_RegModel) for ZN632_RegModel
    fpr_zn632.o(i.FPR_AddFinger) refers to fpr_zn632.o(i.ZN632_GetIndexEmpty) for ZN632_GetIndexEmpty
    fpr_zn632.o(i.FPR_AddFinger) refers to fpr_zn632.o(i.ZN632_StoreChar) for ZN632_StoreChar
    fpr_zn632.o(i.FPR_AddFinger) refers to fpr_zn632.o(i.ZN632_SetIndex) for ZN632_SetIndex
    fpr_zn632.o(i.FPR_GetImage) refers to fpr_zn632.o(i.ZN632_GetImage) for ZN632_GetImage
    fpr_zn632.o(i.FPR_GetImage) refers to printfa.o(i.__0printf) for __2printf
    fpr_zn632.o(i.FPR_GetImage) refers to fpr_zn632.o(.data) for g_uExitToChange
    fpr_zn632.o(i.FPR_Init) refers to fpr_zn632.o(i.ZN632_GPIO_Init) for ZN632_GPIO_Init
    fpr_zn632.o(i.FPR_Init) refers to fpr_zn632.o(i.ZN632_UART_Init) for ZN632_UART_Init
    fpr_zn632.o(i.FPR_Init) refers to fpr_zn632.o(i.ZN632_PowerOn) for ZN632_PowerOn
    fpr_zn632.o(i.FPR_MatchFinger) refers to printfa.o(i.__0printf) for __2printf
    fpr_zn632.o(i.FPR_MatchFinger) refers to fpr_zn632.o(i.FPR_GetImage) for FPR_GetImage
    fpr_zn632.o(i.FPR_MatchFinger) refers to fpr_zn632.o(i.ZN632_GenChar) for ZN632_GenChar
    fpr_zn632.o(i.FPR_MatchFinger) refers to fpr_zn632.o(i.ZN632_HighSpeedSearch) for ZN632_HighSpeedSearch
    fpr_zn632.o(i.USART1_IRQHandler) refers to stm32f4xx_usart.o(i.USART_GetITStatus) for USART_GetITStatus
    fpr_zn632.o(i.USART1_IRQHandler) refers to stm32f4xx_usart.o(i.USART_ReceiveData) for USART_ReceiveData
    fpr_zn632.o(i.USART1_IRQHandler) refers to stm32f4xx_usart.o(i.USART_ClearITPendingBit) for USART_ClearITPendingBit
    fpr_zn632.o(i.USART1_IRQHandler) refers to fpr_zn632.o(.data) for ZN632_RxBufLen
    fpr_zn632.o(i.USART1_IRQHandler) refers to fpr_zn632.o(.bss) for ZN632_RxBuf
    fpr_zn632.o(i.ZN632_CheckAck) refers to fpr_zn632.o(.bss) for ZN632_RxBuf
    fpr_zn632.o(i.ZN632_CheckAck) refers to fpr_zn632.o(.data) for ZN632_ADDR
    fpr_zn632.o(i.ZN632_ClearRxBuf) refers to memseta.o(.text) for __aeabi_memclr
    fpr_zn632.o(i.ZN632_ClearRxBuf) refers to fpr_zn632.o(.data) for ZN632_RxBufLen
    fpr_zn632.o(i.ZN632_ClearRxBuf) refers to fpr_zn632.o(.bss) for ZN632_RxBuf
    fpr_zn632.o(i.ZN632_DeletChar) refers to fpr_zn632.o(i.ZN632_SendHead) for ZN632_SendHead
    fpr_zn632.o(i.ZN632_DeletChar) refers to fpr_zn632.o(i.ZN632_SendData) for ZN632_SendData
    fpr_zn632.o(i.ZN632_DeletChar) refers to delay.o(i.delay_ms) for delay_ms
    fpr_zn632.o(i.ZN632_DeletChar) refers to fpr_zn632.o(i.ZN632_CheckAck) for ZN632_CheckAck
    fpr_zn632.o(i.ZN632_DeletChar) refers to fpr_zn632.o(i.ZN632_ShowError) for ZN632_ShowError
    fpr_zn632.o(i.ZN632_DeletChar) refers to fpr_zn632.o(i.ZN632_ClearRxBuf) for ZN632_ClearRxBuf
    fpr_zn632.o(i.ZN632_Empty) refers to fpr_zn632.o(i.ZN632_SendHead) for ZN632_SendHead
    fpr_zn632.o(i.ZN632_Empty) refers to fpr_zn632.o(i.ZN632_SendData) for ZN632_SendData
    fpr_zn632.o(i.ZN632_Empty) refers to delay.o(i.delay_ms) for delay_ms
    fpr_zn632.o(i.ZN632_Empty) refers to fpr_zn632.o(i.ZN632_CheckAck) for ZN632_CheckAck
    fpr_zn632.o(i.ZN632_Empty) refers to fpr_zn632.o(i.ZN632_ShowError) for ZN632_ShowError
    fpr_zn632.o(i.ZN632_Empty) refers to fpr_zn632.o(i.ZN632_ClearRxBuf) for ZN632_ClearRxBuf
    fpr_zn632.o(i.ZN632_GPIO_Init) refers to stm32f4xx_rcc.o(i.RCC_AHB1PeriphClockCmd) for RCC_AHB1PeriphClockCmd
    fpr_zn632.o(i.ZN632_GPIO_Init) refers to stm32f4xx_gpio.o(i.GPIO_Init) for GPIO_Init
    fpr_zn632.o(i.ZN632_GenChar) refers to fpr_zn632.o(i.ZN632_SendHead) for ZN632_SendHead
    fpr_zn632.o(i.ZN632_GenChar) refers to fpr_zn632.o(i.ZN632_SendData) for ZN632_SendData
    fpr_zn632.o(i.ZN632_GenChar) refers to delay.o(i.delay_ms) for delay_ms
    fpr_zn632.o(i.ZN632_GenChar) refers to fpr_zn632.o(i.ZN632_CheckAck) for ZN632_CheckAck
    fpr_zn632.o(i.ZN632_GenChar) refers to fpr_zn632.o(i.ZN632_ShowError) for ZN632_ShowError
    fpr_zn632.o(i.ZN632_GenChar) refers to fpr_zn632.o(i.ZN632_ClearRxBuf) for ZN632_ClearRxBuf
    fpr_zn632.o(i.ZN632_GetImage) refers to fpr_zn632.o(i.ZN632_SendHead) for ZN632_SendHead
    fpr_zn632.o(i.ZN632_GetImage) refers to fpr_zn632.o(i.ZN632_SendData) for ZN632_SendData
    fpr_zn632.o(i.ZN632_GetImage) refers to delay.o(i.delay_ms) for delay_ms
    fpr_zn632.o(i.ZN632_GetImage) refers to fpr_zn632.o(i.ZN632_CheckAck) for ZN632_CheckAck
    fpr_zn632.o(i.ZN632_GetImage) refers to fpr_zn632.o(i.ZN632_ShowError) for ZN632_ShowError
[...]
    i.P2_Pwd                                 0x080025a0   Section        0  main.o(i.P2_Pwd)
    P2_Pwd                                   0x080025a1   Thumb Code   914  main.o(i.P2_Pwd)
    i.P3                                     0x080029bc   Section        0  main.o(i.P3)
    P3                                       0x080029bd   Thumb Code   258  main.o(i.P3)
    i.P4                                     0x08002b48   Section        0  main.o(i.P4)
    P4                                       0x08002b49   Thumb Code   532  main.o(i.P4)
    i.P4_Delete                              0x08002d94   Section        0  main.o(i.P4_Delete)
    P4_Delete                                0x08002d95   Thumb Code   808  main.o(i.P4_Delete)
    i.P4_Enroll                              0x08003138   Section        0  main.o(i.P4_Enroll)
    P4_Enroll                                0x08003139   Thumb Code   324  main.o(i.P4_Enroll)
    i.P4_Pwd                                 0x080032d0   Section        0  main.o(i.P4_Pwd)
    P4_Pwd                                   0x080032d1   Thumb Code  1470  main.o(i.P4_Pwd)
    i.P4_Time                                0x080038d4   Section        0  main.o(i.P4_Time)
    P4_Time                                  0x080038d5   Thumb Code   926  main.o(i.P4_Time)
    i.P5                                     0x08003d30   Section        0  main.o(i.P5)
    P5                                       0x08003d31   Thumb Code   204  main.o(i.P5)
    i.PWR_BackupAccessCmd                    0x08003e34   Section        0  stm32f4xx_pwr.o(i.PWR_BackupAccessCmd)
    i.PendSV_Handler                         0x08003e40   Section        0  stm32f4xx_it.o(i.PendSV_Handler)
    i.RCC_AHB1PeriphClockCmd                 0x08003e44   Section        0  stm32f4xx_rcc.o(i.RCC_AHB1PeriphClockCmd)
    i.RCC_AHB3PeriphClockCmd                 0x08003e64   Section        0  stm32f4xx_rcc.o(i.RCC_AHB3PeriphClockCmd)
    i.RCC_APB1PeriphClockCmd                 0x08003e84   Section        0  stm32f4xx_rcc.o(i.RCC_APB1PeriphClockCmd)
    i.RCC_APB2PeriphClockCmd                 0x08003ea4   Section        0  stm32f4xx_rcc.o(i.RCC_APB2PeriphClockCmd)
    i.RCC_GetClocksFreq                      0x08003ec4   Section        0  stm32f4xx_rcc.o(i.RCC_GetClocksFreq)
    i.RCC_GetFlagStatus                      0x08003fac   Section        0  stm32f4xx_rcc.o(i.RCC_GetFlagStatus)
    i.RCC_LSEConfig                          0x08003fec   Section        0  stm32f4xx_rcc.o(i.RCC_LSEConfig)
    i.RCC_RTCCLKCmd                          0x08004018   Section        0  stm32f4xx_rcc.o(i.RCC_RTCCLKCmd)
    i.RCC_RTCCLKConfig                       0x08004024   Section        0  stm32f4xx_rcc.o(i.RCC_RTCCLKConfig)
    i.RTC_Bcd2ToByte                         0x08004060   Section        0  stm32f4xx_rtc.o(i.RTC_Bcd2ToByte)
    RTC_Bcd2ToByte                           0x08004061   Thumb Code    22  stm32f4xx_rtc.o(i.RTC_Bcd2ToByte)
    i.RTC_ByteToBcd2                         0x08004076   Section        0  stm32f4xx_rtc.o(i.RTC_ByteToBcd2)
    RTC_ByteToBcd2                           0x08004077   Thumb Code    28  stm32f4xx_rtc.o(i.RTC_ByteToBcd2)
    i.RTC_EnterInitMode                      0x08004094   Section        0  stm32f4xx_rtc.o(i.RTC_EnterInitMode)
    i.RTC_ExitInitMode                       0x080040e4   Section        0  stm32f4xx_rtc.o(i.RTC_ExitInitMode)
    i.RTC_GetDate                            0x080040f8   Section        0  stm32f4xx_rtc.o(i.RTC_GetDate)
    i.RTC_GetTime                            0x08004144   Section        0  stm32f4xx_rtc.o(i.RTC_GetTime)
    i.RTC_Init                               0x08004194   Section        0  stm32f4xx_rtc.o(i.RTC_Init)
    i.RTC_ReadBackupRegister                 0x080041f8   Section        0  stm32f4xx_rtc.o(i.RTC_ReadBackupRegister)
    i.RTC_SetDate                            0x08004218   Section        0  stm32f4xx_rtc.o(i.RTC_SetDate)
    i.RTC_SetTime                            0x080042e0   Section        0  stm32f4xx_rtc.o(i.RTC_SetTime)
    i.RTC_Set_Date                           0x080043b0   Section        0  rtc.o(i.RTC_Set_Date)
    i.RTC_Set_Time                           0x080043d4   Section        0  rtc.o(i.RTC_Set_Time)
    i.RTC_WaitForSynchro                     0x080043f8   Section        0  stm32f4xx_rtc.o(i.RTC_WaitForSynchro)
    i.RTC_WriteBackupRegister                0x08004458   Section        0  stm32f4xx_rtc.o(i.RTC_WriteBackupRegister)
    i.SPI_Cmd                                0x08004474   Section        0  stm32f4xx_spi.o(i.SPI_Cmd)
    i.SPI_I2S_GetFlagStatus                  0x0800448c   Section        0  stm32f4xx_spi.o(i.SPI_I2S_GetFlagStatus)
    i.SPI_I2S_ReceiveData                    0x0800449e   Section        0  stm32f4xx_spi.o(i.SPI_I2S_ReceiveData)
    i.SPI_I2S_SendData                       0x080044a4   Section        0  stm32f4xx_spi.o(i.SPI_I2S_SendData)
    i.SPI_Init                               0x080044a8   Section        0  stm32f4xx_spi.o(i.SPI_Init)
    i.SVC_Handler                            0x080044e4   Section        0  stm32f4xx_it.o(i.SVC_Handler)
    i.SetSysClock                            0x080044e8   Section        0  system_stm32f4xx.o(i.SetSysClock)
    SetSysClock                              0x080044e9   Thumb Code   220  system_stm32f4xx.o(i.SetSysClock)
    i.SysTick_Handler                        0x080045d4   Section        0  stm32f4xx_it.o(i.SysTick_Handler)
    i.SystemInit                             0x080045d8   Section        0  system_stm32f4xx.o(i.SystemInit)
    i.TI1_Config                             0x08004640   Section        0  stm32f4xx_tim.o(i.TI1_Config)
    TI1_Config                               0x08004641   Thumb Code    58  stm32f4xx_tim.o(i.TI1_Config)
    i.TI2_Config                             0x0800467a   Section        0  stm32f4xx_tim.o(i.TI2_Config)
    TI2_Config                               0x0800467b   Thumb Code    80  stm32f4xx_tim.o(i.TI2_Config)
    i.TI3_Config                             0x080046ca   Section        0  stm32f4xx_tim.o(i.TI3_Config)
    TI3_Config                               0x080046cb   Thumb Code    72  stm32f4xx_tim.o(i.TI3_Config)
    i.TI4_Config                             0x08004712   Section        0  stm32f4xx_tim.o(i.TI4_Config)
    TI4_Config                               0x08004713   Thumb Code    80  stm32f4xx_tim.o(i.TI4_Config)
    i.TIM1_BRK_TIM9_IRQHandler               0x08004764   Section        0  ir_recv.o(i.TIM1_BRK_TIM9_IRQHandler)
    i.TIM_ClearITPendingBit                  0x080048b8   Section        0  stm32f4xx_tim.o(i.TIM_ClearITPendingBit)
    i.TIM_Cmd                                0x080048be   Section        0  stm32f4xx_tim.o(i.TIM_Cmd)
    i.TIM_GetCapture1                        0x080048d6   Section        0  stm32f4xx_tim.o(i.TIM_GetCapture1)
    i.TIM_GetITStatus                        0x080048dc   Section        0  stm32f4xx_tim.o(i.TIM_GetITStatus)
    i.TIM_ICInit                             0x080048fe   Section        0  stm32f4xx_tim.o(i.TIM_ICInit)
    i.TIM_ITConfig                           0x0800496c   Section        0  stm32f4xx_tim.o(i.TIM_ITConfig)
    i.TIM_SetCounter                         0x0800497e   Section        0  stm32f4xx_tim.o(i.TIM_SetCounter)
    i.TIM_SetIC1Prescaler                    0x08004982   Section        0  stm32f4xx_tim.o(i.TIM_SetIC1Prescaler)
    i.TIM_SetIC2Prescaler                    0x08004994   Section        0  stm32f4xx_tim.o(i.TIM_SetIC2Prescaler)
    i.TIM_SetIC3Prescaler                    0x080049ae   Section        0  stm32f4xx_tim.o(i.TIM_SetIC3Prescaler)
    i.TIM_SetIC4Prescaler                    0x080049c0   Section        0  stm32f4xx_tim.o(i.TIM_SetIC4Prescaler)
    i.TIM_TimeBaseInit                       0x080049dc   Section        0  stm32f4xx_tim.o(i.TIM_TimeBaseInit)
    i.TWait                                  0x08004a60   Section        0  main.o(i.TWait)
    TWait                                    0x08004a61   Thumb Code   184  main.o(i.TWait)
    i.UART2_Init                             0x08004b28   Section        0  usart.o(i.UART2_Init)
    i.UART4_IRQHandler                       0x08004bc8   Section        0  gps.o(i.UART4_IRQHandler)
    i.USART1_IRQHandler                      0x08004c48   Section        0  fpr_zn632.o(i.USART1_IRQHandler)
    i.USART2_IRQHandler                      0x08004c90   Section        0  usart.o(i.USART2_IRQHandler)
    i.USART_ClearITPendingBit                0x08004cb4   Section        0  stm32f4xx_usart.o(i.USART_ClearITPendingBit)
    i.USART_Cmd                              0x08004cd2   Section        0  stm32f4xx_usart.o(i.USART_Cmd)
    i.USART_GetFlagStatus                    0x08004cea   Section        0  stm32f4xx_usart.o(i.USART_GetFlagStatus)
    i.USART_GetITStatus                      0x08004d04   Section        0  stm32f4xx_usart.o(i.USART_GetITStatus)
    i.USART_ITConfig                         0x08004d58   Section        0  stm32f4xx_usart.o(i.USART_ITConfig)
    i.USART_Init                             0x08004da4   Section        0  stm32f4xx_usart.o(i.USART_Init)
    i.USART_ReceiveData                      0x08004e78   Section        0  stm32f4xx_usart.o(i.USART_ReceiveData)
    i.USART_SendData                         0x08004e82   Section        0  stm32f4xx_usart.o(i.USART_SendData)
    i.UsageFault_Handler                     0x08004e8a   Section        0  stm32f4xx_it.o(i.UsageFault_Handler)
    i.W25QXX_BufferRead                      0x08004e90   Section        0  flash_w25qxx.o(i.W25QXX_BufferRead)
    i.W25QXX_BufferWrite                     0x08004ee0   Section        0  flash_w25qxx.o(i.W25QXX_BufferWrite)
    i.W25QXX_Init                            0x08004f70   Section        0  flash_w25qxx.o(i.W25QXX_Init)
    i.W25QXX_PageWrite                       0x08005030   Section        0  flash_w25qxx.o(i.W25QXX_PageWrite)
    i.W25QXX_SectorErase                     0x080050b4   Section        0  flash_w25qxx.o(i.W25QXX_SectorErase)
    i.W25QXX_SendByte                        0x080050f4   Section        0  flash_w25qxx.o(i.W25QXX_SendByte)
    i.W25QXX_WaitForWriteEnd                 0x0800512c   Section        0  flash_w25qxx.o(i.W25QXX_WaitForWriteEnd)
    i.W25QXX_WaitSpiFlag                     0x08005170   Section        0  flash_w25qxx.o(i.W25QXX_WaitSpiFlag)
    i.W25QXX_WriteEnable                     0x080051a0   Section        0  flash_w25qxx.o(i.W25QXX_WriteEnable)
    i.Write_IIC_Byte                         0x080051c0   Section        0  oled.o(i.Write_IIC_Byte)
    i.Write_IIC_Command                      0x0800522c   Section        0  oled.o(i.Write_IIC_Command)
    i.Write_IIC_Data                         0x08005258   Section        0  oled.o(i.Write_IIC_Data)
    i.XPT2046_FilterXY                       0x08005284   Section        0  xpt2046.o(i.XPT2046_FilterXY)
    XPT2046_FilterXY                         0x08005285   Thumb Code   282  xpt2046.o(i.XPT2046_FilterXY)
    i.XPT2046_GetTouchPoint                  0x080053a4   Section        0  xpt2046.o(i.XPT2046_GetTouchPoint)
    i.XPT2046_Init                           0x08005524   Section        0  xpt2046.o(i.XPT2046_Init)
    i.XPT2046_ReadAdc                        0x080055b0   Section        0  xpt2046.o(i.XPT2046_ReadAdc)
    XPT2046_ReadAdc                          0x080055b1   Thumb Code    16  xpt2046.o(i.XPT2046_ReadAdc)
    i.XPT2046_ReadAdcXY                      0x080055c0   Section        0  xpt2046.o(i.XPT2046_ReadAdcXY)
    XPT2046_ReadAdcXY                        0x080055c1   Thumb Code    30  xpt2046.o(i.XPT2046_ReadAdcXY)
    i.XPT2046_ReadCMD                        0x080055e0   Section        0  xpt2046.o(i.XPT2046_ReadCMD)
    XPT2046_ReadCMD                          0x080055e1   Thumb Code    74  xpt2046.o(i.XPT2046_ReadCMD)
    i.XPT2046_WriteCMD                       0x08005630   Section        0  xpt2046.o(i.XPT2046_WriteCMD)
    XPT2046_WriteCMD                         0x08005631   Thumb Code    96  xpt2046.o(i.XPT2046_WriteCMD)
    i.ZN632_CheckAck                         0x08005694   Section        0  fpr_zn632.o(i.ZN632_CheckAck)
    i.ZN632_ClearRxBuf                       0x08005738   Section        0  fpr_zn632.o(i.ZN632_ClearRxBuf)
    i.ZN632_DeletChar                        0x08005754   Section        0  fpr_zn632.o(i.ZN632_DeletChar)
    i.ZN632_Empty                            0x080057fa   Section        0  fpr_zn632.o(i.ZN632_Empty)
    i.ZN632_GPIO_Init                        0x0800586c   Section        0  fpr_zn632.o(i.ZN632_GPIO_Init)
    i.ZN632_GenChar                          0x0800589c   Section        0  fpr_zn632.o(i.ZN632_GenChar)
    i.ZN632_GetImage                         0x08005918   Section        0  fpr_zn632.o(i.ZN632_GetImage)
    i.ZN632_GetIndexEmpty                    0x08005988   Section        0  fpr_zn632.o(i.ZN632_GetIndexEmpty)
    i.ZN632_HighSpeedSearch                  0x080059c4   Section        0  fpr_zn632.o(i.ZN632_HighSpeedSearch)
    i.ZN632_PowerOn                          0x08005aa4   Section        0  fpr_zn632.o(i.ZN632_PowerOn)
    i.ZN632_ReadIndexTable                   0x08005ae4   Section        0  fpr_zn632.o(i.ZN632_ReadIndexTable)
    i.ZN632_RegModel                         0x08005b78   Section        0  fpr_zn632.o(i.ZN632_RegModel)
    i.ZN632_SendData                         0x08005be8   Section        0  fpr_zn632.o(i.ZN632_SendData)
    i.ZN632_SendHead                         0x08005c18   Section        0  fpr_zn632.o(i.ZN632_SendHead)
    i.ZN632_SetIndex                         0x08005c5c   Section        0  fpr_zn632.o(i.ZN632_SetIndex)
    i.ZN632_ShowError                        0x08005c94   Section        0  fpr_zn632.o(i.ZN632_ShowError)
    i.ZN632_StoreChar                        0x08005c96   Section        0  fpr_zn632.o(i.ZN632_StoreChar)
    i.ZN632_UART_Init                        0x08005d2c   Section        0  fpr_zn632.o(i.ZN632_UART_Init)
    i.ZN632_VryPwd                           0x08005ddc   Section        0  fpr_zn632.o(i.ZN632_VryPwd)
    i.__0printf                              0x08005e78   Section        0  printfa.o(i.__0printf)
    i.__0sprintf                             0x08005e98   Section        0  printfa.o(i.__0sprintf)
    i.__scatterload_copy                     0x08005ec0   Section       14  handlers.o(i.__scatterload_copy)
    i.__scatterload_null                     0x08005ece   Section        2  handlers.o(i.__scatterload_null)
    i.__scatterload_zeroinit                 0x08005ed0   Section       14  handlers.o(i.__scatterload_zeroinit)
    i._fp_digits                             0x08005ee0   Section        0  printfa.o(i._fp_digits)
    _fp_digits                               0x08005ee1   Thumb Code   366  printfa.o(i._fp_digits)
    i._printf_core                           0x08006064   Section        0  printfa.o(i._printf_core)
    _printf_core                             0x08006065   Thumb Code  1744  printfa.o(i._printf_core)
    i._printf_post_padding                   0x08006740   Section        0  printfa.o(i._printf_post_padding)
    _printf_post_padding                     0x08006741   Thumb Code    36  printfa.o(i._printf_post_padding)
    i._printf_pre_padding                    0x08006764   Section        0  printfa.o(i._printf_pre_padding)
    _printf_pre_padding                      0x08006765   Thumb Code    46  printfa.o(i._printf_pre_padding)
    i._sputc                                 0x08006792   Section        0  printfa.o(i._sputc)
    _sputc                                   0x08006793   Thumb Code    10  printfa.o(i._sputc)
    i.delay_ms                               0x0800679c   Section        0  delay.o(i.delay_ms)
    i.delay_us                               0x080067ba   Section        0  delay.o(i.delay_us)
    i.fputc                                  0x080067d8   Section        0  usart.o(i.fputc)
    i.main                                   0x080067fc   Section        0  main.o(i.main)
    .constdata                               0x08006b18   Section     1520  lcd_fonts.o(.constdata)
    .constdata                               0x08007108   Section     2072  oled.o(.constdata)
    .constdata                               0x08007920   Section       56  main.o(.constdata)
    .conststring                             0x08007958   Section       54  main.o(.conststring)
    .data                                    0x20000000   Section        9  fpr_zn632.o(.data)
    .data                                    0x2000000c   Section       12  lcd_fonts.o(.data)
    g_LCD_FontEN                             0x20000014   Data           4  lcd_fonts.o(.data)
    .data                                    0x20000018   Section       10  lcd_ili9341.o(.data)
    g_LCD_TextColor                          0x2000001e   Data           2  lcd_ili9341.o(.data)
    g_LCD_BackColor                          0x20000020   Data           2  lcd_ili9341.o(.data)
    .data                                    0x20000022   Section        3  gps.o(.data)
    .data                                    0x20000028   Section       16  ir_recv.o(.data)
    .data                                    0x20000038   Section      406  xpt2046.o(.data)
    i                                        0x200001c0   Data           4  xpt2046.o(.data)
    touch_state                              0x200001c4   Data           1  xpt2046.o(.data)
    cinfo                                    0x200001c6   Data           8  xpt2046.o(.data)
    .data                                    0x200001ce   Section       16  stm32f4xx_rcc.o(.data)
    APBAHBPrescTable                         0x200001ce   Data          16  stm32f4xx_rcc.o(.data)
    .data                                    0x200001e0   Section       41  main.o(.data)
    g_pw                                     0x200001e0   Data           9  main.o(.data)
    g_door                                   0x200001ea   Data           2  main.o(.data)
    g_enroll                                 0x200001ec   Data           2  main.o(.data)
    g_fail                                   0x200001ee   Data           2  main.o(.data)
    g_seq                                    0x200001f0   Data           2  main.o(.data)
    g_log_n                                  0x200001f2   Data           2  main.o(.data)
    g_consec                                 0x200001f4   Data           1  main.o(.data)
    g_lock                                   0x200001f5   Data           1  main.o(.data)
    ex                                       0x200001f6   Data           8  main.o(.data)
    g_ol_pg                                  0x200001fe   Data           1  main.o(.data)
    g_ol_tk                                  0x20000200   Data           4  main.o(.data)
    g_lk_tk                                  0x20000204   Data           4  main.o(.data)
    sel                                      0x20000208   Data           1  main.o(.data)
    .data                                    0x2000020c   Section       20  system_stm32f4xx.o(.data)
    .data                                    0x20000220   Section        4  stdout.o(.data)
    .bss                                     0x20000224   Section      160  fpr_zn632.o(.bss)
    .bss                                     0x200002c4   Section      500  gps.o(.bss)
    .bss                                     0x200004b8   Section       32  main.o(.bss)
    bt                                       0x200004b8   Data          32  main.o(.bss)
    STACK                                    0x200004d8   Section     1024  startup_stm32f40_41xxx.o(STACK)

    Global Symbols

    Symbol Name                              Value     Ov Type        Size  Object(Section)

    BuildAttributes$$THM_ISAv4$E$P$D$K$B$S$7EM$VFPi3$EXTD16$VFPS$VFMA$PE$A:L22UL41UL21$X:L11$S22US41US21$IEEE1$IW$USESV6$~STKCKD$USESV7$~SHL$OTIME$ROPI$IEEEJ$EBA8$MICROLIB$REQ8$PRES8$EABIv2 0x00000000   Number         0  anon$$obj.o ABSOLUTE
    __ARM_use_no_argv                        0x00000000   Number         0  main.o ABSOLUTE
    _printf_a                                0x00000000   Number         0  stubs.o ABSOLUTE
    _printf_c                                0x00000000   Number         0  stubs.o ABSOLUTE
    _printf_charcount                        0x00000000   Number         0  stubs.o ABSOLUTE
    _printf_d                                0x00000000   Number         0  stubs.o ABSOLUTE
    _printf_e                                0x00000000   Number         0  stubs.o ABSOLUTE
    _printf_f                                0x00000000   Number         0  stubs.o ABSOLUTE
    _printf_flags                            0x00000000   Number         0  stubs.o ABSOLUTE
    _printf_fp_dec                           0x00000000   Number         0  stubs.o ABSOLUTE
    _printf_fp_hex                           0x00000000   Number         0  stubs.o ABSOLUTE
    _printf_g                                0x00000000   Number         0  stubs.o ABSOLUTE
    _printf_i                                0x00000000   Number         0  stubs.o ABSOLUTE
    _printf_int_dec                          0x00000000   Number         0  stubs.o ABSOLUTE
    _printf_l                                0x00000000   Number         0  stubs.o ABSOLUTE
    _printf_lc                               0x00000000   Number         0  stubs.o ABSOLUTE
    _printf_ll                               0x00000000   Number         0  stubs.o ABSOLUTE
    _printf_lld                              0x00000000   Number         0  stubs.o ABSOLUTE
    _printf_lli                              0x00000000   Number         0  stubs.o ABSOLUTE
    _printf_llo                              0x00000000   Number         0  stubs.o ABSOLUTE
    _printf_llu                              0x00000000   Number         0  stubs.o ABSOLUTE
    _printf_llx                              0x00000000   Number         0  stubs.o ABSOLUTE
    _printf_longlong_dec                     0x00000000   Number         0  stubs.o ABSOLUTE
    _printf_longlong_hex                     0x00000000   Number         0  stubs.o ABSOLUTE
    _printf_longlong_oct                     0x00000000   Number         0  stubs.o ABSOLUTE
    _printf_ls                               0x00000000   Number         0  stubs.o ABSOLUTE
    _printf_mbtowc                           0x00000000   Number         0  stubs.o ABSOLUTE
    _printf_n                                0x00000000   Number         0  stubs.o ABSOLUTE
    _printf_o                                0x00000000   Number         0  stubs.o ABSOLUTE
    _printf_p                                0x00000000   Number         0  stubs.o ABSOLUTE
    _printf_percent                          0x00000000   Number         0  stubs.o ABSOLUTE
    _printf_pre_padding                      0x00000000   Number         0  stubs.o ABSOLUTE
    _printf_return_value                     0x00000000   Number         0  stubs.o ABSOLUTE
    _printf_s                                0x00000000   Number         0  stubs.o ABSOLUTE
    _printf_sizespec                         0x00000000   Number         0  stubs.o ABSOLUTE
    _printf_str                              0x00000000   Number         0  stubs.o ABSOLUTE
    _printf_truncate_signed                  0x00000000   Number         0  stubs.o ABSOLUTE
    _printf_truncate_unsigned                0x00000000   Number         0  stubs.o ABSOLUTE
    _printf_u                                0x00000000   Number         0  stubs.o ABSOLUTE
    _printf_wc                               0x00000000   Number         0  stubs.o ABSOLUTE
    _printf_wctomb                           0x00000000   Number         0  stubs.o ABSOLUTE
    _printf_widthprec                        0x00000000   Number         0  stubs.o ABSOLUTE
    _printf_x                                0x00000000   Number         0  stubs.o ABSOLUTE
    __cpp_initialize__aeabi_                  - Undefined Weak Reference
    __cxa_finalize                            - Undefined Weak Reference
    _clock_init                               - Undefined Weak Reference
    _microlib_exit                            - Undefined Weak Reference
    __Vectors_Size                           0x00000188   Number         0  startup_stm32f40_41xxx.o ABSOLUTE
    __Vectors                                0x08000000   Data           4  startup_stm32f40_41xxx.o(RESET)
    __Vectors_End                            0x08000188   Data           0  startup_stm32f40_41xxx.o(RESET)
    __main                                   0x08000189   Thumb Code     0  entry.o(.ARM.Collect$$$$00000000)
    _main_stk                                0x08000189   Thumb Code     0  entry2.o(.ARM.Collect$$$$00000001)
    _main_scatterload                        0x0800018d   Thumb Code     0  entry5.o(.ARM.Collect$$$$00000004)
    __main_after_scatterload                 0x08000191   Thumb Code     0  entry5.o(.ARM.Collect$$$$00000004)
    _main_clock                              0x08000191   Thumb Code     0  entry7b.o(.ARM.Collect$$$$00000008)
    _main_cpp_init                           0x08000191   Thumb Code     0  entry8b.o(.ARM.Collect$$$$0000000A)
    _main_init                               0x08000191   Thumb Code     0  entry9a.o(.ARM.Collect$$$$0000000B)
    __rt_final_cpp                           0x08000199   Thumb Code     0  entry10a.o(.ARM.Collect$$$$0000000D)
    __rt_final_exit                          0x08000199   Thumb Code     0  entry11a.o(.ARM.Collect$$$$0000000F)
    Reset_Handler                            0x0800019d   Thumb Code     8  startup_stm32f40_41xxx.o(.text)
    ADC_IRQHandler                           0x080001b7   Thumb Code     0  startup_stm32f40_41xxx.o(.text)
    CAN1_RX1_IRQHandler                      0x080001b7   Thumb Code     0  startup_stm32f40_41xxx.o(.text)
    CAN1_SCE_IRQHandler                      0x080001b7   Thumb Code     0  startup_stm32f40_41xxx.o(.text)
    CAN1_TX_IRQHandler                       0x080001b7   Thumb Code     0  startup_stm32f40_41xxx.o(.text)
    CAN2_RX0_IRQHandler                      0x080001b7   Thumb Code     0  startup_stm32f40_41xxx.o(.text)
    CAN2_RX1_IRQHandler                      0x080001b7   Thumb Code     0  startup_stm32f40_41xxx.o(.text)
    CAN2_SCE_IRQHandler                      0x080001b7   Thumb Code     0  startup_stm32f40_41xxx.o(.text)
    CAN2_TX_IRQHandler                       0x080001b7   Thumb Code     0  startup_stm32f40_41xxx.o(.text)
    CRYP_IRQHandler                          0x080001b7   Thumb Code     0  startup_stm32f40_41xxx.o(.text)
    DCMI_IRQHandler                          0x080001b7   Thumb Code     0  startup_stm32f40_41xxx.o(.text)
    DMA1_Stream0_IRQHandler                  0x080001b7   Thumb Code     0  startup_stm32f40_41xxx.o(.text)
    DMA1_Stream1_IRQHandler                  0x080001b7   Thumb Code     0  startup_stm32f40_41xxx.o(.text)
    DMA1_Stream2_IRQHandler                  0x080001b7   Thumb Code     0  startup_stm32f40_41xxx.o(.text)
    DMA1_Stream3_IRQHandler                  0x080001b7   Thumb Code     0  startup_stm32f40_41xxx.o(.text)
    DMA1_Stream4_IRQHandler                  0x080001b7   Thumb Code     0  startup_stm32f40_41xxx.o(.text)
    DMA1_Stream5_IRQHandler                  0x080001b7   Thumb Code     0  startup_stm32f40_41xxx.o(.text)
    DMA1_Stream6_IRQHandler                  0x080001b7   Thumb Code     0  startup_stm32f40_41xxx.o(.text)
    DMA1_Stream7_IRQHandler                  0x080001b7   Thumb Code     0  startup_stm32f40_41xxx.o(.text)
    DMA2_Stream0_IRQHandler                  0x080001b7   Thumb Code     0  startup_stm32f40_41xxx.o(.text)
    DMA2_Stream1_IRQHandler                  0x080001b7   Thumb Code     0  startup_stm32f40_41xxx.o(.text)
    DMA2_Stream2_IRQHandler                  0x080001b7   Thumb Code     0  startup_stm32f40_41xxx.o(.text)
    DMA2_Stream3_IRQHandler                  0x080001b7   Thumb Code     0  startup_stm32f40_41xxx.o(.text)
    DMA2_Stream4_IRQHandler                  0x080001b7   Thumb Code     0  startup_stm32f40_41xxx.o(.text)
    DMA2_Stream5_IRQHandler                  0x080001b7   Thumb Code     0  startup_stm32f40_41xxx.o(.text)
    DMA2_Stream6_IRQHandler                  0x080001b7   Thumb Code     0  startup_stm32f40_41xxx.o(.text)
    DMA2_Stream7_IRQHandler                  0x080001b7   Thumb Code     0  startup_stm32f40_41xxx.o(.text)
    ETH_IRQHandler                           0x080001b7   Thumb Code     0  startup_stm32f40_41xxx.o(.text)
    ETH_WKUP_IRQHandler                      0x080001b7   Thumb Code     0  startup_stm32f40_41xxx.o(.text)
    EXTI0_IRQHandler                         0x080001b7   Thumb Code     0  startup_stm32f40_41xxx.o(.text)
    EXTI15_10_IRQHandler                     0x080001b7   Thumb Code     0  startup_stm32f40_41xxx.o(.text)
    EXTI1_IRQHandler                         0x080001b7   Thumb Code     0  startup_stm32f40_41xxx.o(.text)
    EXTI2_IRQHandler                         0x080001b7   Thumb Code     0  startup_stm32f40_41xxx.o(.text)
    EXTI3_IRQHandler                         0x080001b7   Thumb Code     0  startup_stm32f40_41xxx.o(.text)
    EXTI4_IRQHandler                         0x080001b7   Thumb Code     0  startup_stm32f40_41xxx.o(.text)
    EXTI9_5_IRQHandler                       0x080001b7   Thumb Code     0  startup_stm32f40_41xxx.o(.text)
    FLASH_IRQHandler                         0x080001b7   Thumb Code     0  startup_stm32f40_41xxx.o(.text)
    FPU_IRQHandler                           0x080001b7   Thumb Code     0  startup_stm32f40_41xxx.o(.text)
    FSMC_IRQHandler                          0x080001b7   Thumb Code     0  startup_stm32f40_41xxx.o(.text)
    HASH_RNG_IRQHandler                      0x080001b7   Thumb Code     0  startup_stm32f40_41xxx.o(.text)
    I2C1_ER_IRQHandler                       0x080001b7   Thumb Code     0  startup_stm32f40_41xxx.o(.text)
    I2C1_EV_IRQHandler                       0x080001b7   Thumb Code     0  startup_stm32f40_41xxx.o(.text)
    I2C2_ER_IRQHandler                       0x080001b7   Thumb Code     0  startup_stm32f40_41xxx.o(.text)
    I2C2_EV_IRQHandler                       0x080001b7   Thumb Code     0  startup_stm32f40_41xxx.o(.text)
    I2C3_ER_IRQHandler                       0x080001b7   Thumb Code     0  startup_stm32f40_41xxx.o(.text)
    I2C3_EV_IRQHandler                       0x080001b7   Thumb Code     0  startup_stm32f40_41xxx.o(.text)
    OTG_FS_IRQHandler                        0x080001b7   Thumb Code     0  startup_stm32f40_41xxx.o(.text)
    OTG_FS_WKUP_IRQHandler                   0x080001b7   Thumb Code     0  startup_stm32f40_41xxx.o(.text)
    OTG_HS_EP1_IN_IRQHandler                 0x080001b7   Thumb Code     0  startup_stm32f40_41xxx.o(.text)
    OTG_HS_EP1_OUT_IRQHandler                0x080001b7   Thumb Code     0  startup_stm32f40_41xxx.o(.text)
    OTG_HS_IRQHandler                        0x080001b7   Thumb Code     0  startup_stm32f40_41xxx.o(.text)
    OTG_HS_WKUP_IRQHandler                   0x080001b7   Thumb Code     0  startup_stm32f40_41xxx.o(.text)
    PVD_IRQHandler                           0x080001b7   Thumb Code     0  startup_stm32f40_41xxx.o(.text)
    RCC_IRQHandler                           0x080001b7   Thumb Code     0  startup_stm32f40_41xxx.o(.text)
    RTC_Alarm_IRQHandler                     0x080001b7   Thumb Code     0  startup_stm32f40_41xxx.o(.text)
    RTC_WKUP_IRQHandler                      0x080001b7   Thumb Code     0  startup_stm32f40_41xxx.o(.text)
    SDIO_IRQHandler                          0x080001b7   Thumb Code     0  startup_stm32f40_41xxx.o(.text)
    SPI1_IRQHandler                          0x080001b7   Thumb Code     0  startup_stm32f40_41xxx.o(.text)
    SPI2_IRQHandler                          0x080001b7   Thumb Code     0  startup_stm32f40_41xxx.o(.text)
    SPI3_IRQHandler                          0x080001b7   Thumb Code     0  startup_stm32f40_41xxx.o(.text)
    TAMP_STAMP_IRQHandler                    0x080001b7   Thumb Code     0  startup_stm32f40_41xxx.o(.text)
    TIM1_CC_IRQHandler                       0x080001b7   Thumb Code     0  startup_stm32f40_41xxx.o(.text)
    TIM1_TRG_COM_TIM11_IRQHandler            0x080001b7   Thumb Code     0  startup_stm32f40_41xxx.o(.text)
    TIM1_UP_TIM10_IRQHandler                 0x080001b7   Thumb Code     0  startup_stm32f40_41xxx.o(.text)
    TIM2_IRQHandler                          0x080001b7   Thumb Code     0  startup_stm32f40_41xxx.o(.text)
    TIM3_IRQHandler                          0x080001b7   Thumb Code     0  startup_stm32f40_41xxx.o(.text)
    TIM4_IRQHandler                          0x080001b7   Thumb Code     0  startup_stm32f40_41xxx.o(.text)
    TIM5_IRQHandler                          0x080001b7   Thumb Code     0  startup_stm32f40_41xxx.o(.text)
    TIM6_DAC_IRQHandler                      0x080001b7   Thumb Code     0  startup_stm32f40_41xxx.o(.text)
    TIM7_IRQHandler                          0x080001b7   Thumb Code     0  startup_stm32f40_41xxx.o(.text)
    TIM8_BRK_TIM12_IRQHandler                0x080001b7   Thumb Code     0  startup_stm32f40_41xxx.o(.text)
    TIM8_CC_IRQHandler                       0x080001b7   Thumb Code     0  startup_stm32f40_41xxx.o(.text)
    TIM8_TRG_COM_TIM14_IRQHandler            0x080001b7   Thumb Code     0  startup_stm32f40_41xxx.o(.text)
    TIM8_UP_TIM13_IRQHandler                 0x080001b7   Thumb Code     0  startup_stm32f40_41xxx.o(.text)
    UART5_IRQHandler                         0x080001b7   Thumb Code     0  startup_stm32f40_41xxx.o(.text)
    USART3_IRQHandler                        0x080001b7   Thumb Code     0  startup_stm32f40_41xxx.o(.text)
    USART6_IRQHandler                        0x080001b7   Thumb Code     0  startup_stm32f40_41xxx.o(.text)
    WWDG_IRQHandler                          0x080001b7   Thumb Code     0  startup_stm32f40_41xxx.o(.text)
    __aeabi_memcpy                           0x080001c1   Thumb Code    36  memcpya.o(.text)
    __aeabi_memcpy4                          0x080001c1   Thumb Code     0  memcpya.o(.text)
    __aeabi_memcpy8                          0x080001c1   Thumb Code     0  memcpya.o(.text)
    __aeabi_memset                           0x080001e5   Thumb Code    14  memseta.o(.text)
    __aeabi_memset4                          0x080001e5   Thumb Code     0  memseta.o(.text)
    __aeabi_memset8                          0x080001e5   Thumb Code     0  memseta.o(.text)
    __aeabi_memclr                           0x080001f3   Thumb Code     4  memseta.o(.text)
    __aeabi_memclr4                          0x080001f3   Thumb Code     0  memseta.o(.text)
    __aeabi_memclr8                          0x080001f3   Thumb Code     0  memseta.o(.text)
    _memset$wrapper                          0x080001f7   Thumb Code    18  memseta.o(.text)
    strlen                                   0x08000209   Thumb Code    14  strlen.o(.text)
    strcmp                                   0x08000217   Thumb Code    28  strcmp.o(.text)
    strcpy                                   0x08000233   Thumb Code    18  strcpy.o(.text)
    __aeabi_dadd                             0x08000245   Thumb Code   322  dadd.o(.text)
    __aeabi_dsub                             0x08000387   Thumb Code     6  dadd.o(.text)
    __aeabi_drsub                            0x0800038d   Thumb Code     6  dadd.o(.text)
    __aeabi_dmul                             0x08000393   Thumb Code   228  dmul.o(.text)
    __aeabi_i2d                              0x08000477   Thumb Code    34  dflti.o(.text)
    __aeabi_d2iz                             0x08000499   Thumb Code    62  dfixi.o(.text)
    __aeabi_uidiv                            0x080004d7   Thumb Code     0  uidiv.o(.text)
    __aeabi_uidivmod                         0x080004d7   Thumb Code    44  uidiv.o(.text)
    __aeabi_uldivmod                         0x08000503   Thumb Code    98  uldiv.o(.text)
    __aeabi_llsl                             0x08000565   Thumb Code    30  llshl.o(.text)
    _ll_shift_l                              0x08000565   Thumb Code     0  llshl.o(.text)
    __aeabi_llsr                             0x08000583   Thumb Code    32  llushr.o(.text)
    _ll_ushift_r                             0x08000583   Thumb Code     0  llushr.o(.text)
    __aeabi_lasr                             0x080005a3   Thumb Code    36  llsshr.o(.text)
    _ll_sshift_r                             0x080005a3   Thumb Code     0  llsshr.o(.text)
    __I$use$fp                               0x080005c7   Thumb Code     0  iusefp.o(.text)
    _double_round                            0x080005c7   Thumb Code    30  depilogue.o(.text)
    _double_epilogue                         0x080005e5   Thumb Code   156  depilogue.o(.text)
    __aeabi_ddiv                             0x08000681   Thumb Code   222  ddiv.o(.text)
    __aeabi_d2ulz                            0x0800075f   Thumb Code    48  dfixul.o(.text)
    __aeabi_cdrcmple                         0x08000791   Thumb Code    48  cdrcmple.o(.text)
    __scatterload                            0x080007c1   Thumb Code    28  init.o(.text)
    __scatterload_rt2                        0x080007c1   Thumb Code     0  init.o(.text)
    __decompress                             0x080007e5   Thumb Code     0  __dczerorl2.o(.text)
    __decompress1                            0x080007e5   Thumb Code    86  __dczerorl2.o(.text)
    ADC_ClearFlag                            0x0800083b   Thumb Code     6  stm32f4xx_adc.o(i.ADC_ClearFlag)
    ADC_Cmd                                  0x08000841   Thumb Code    22  stm32f4xx_adc.o(i.ADC_Cmd)
    ADC_CommonInit                           0x08000859   Thumb Code    34  stm32f4xx_adc.o(i.ADC_CommonInit)
    ADC_GetConversionValue                   0x08000889   Thumb Code     8  stm32f4xx_adc.o(i.ADC_GetConversionValue)
    ADC_GetFlagStatus                        0x08000891   Thumb Code    18  stm32f4xx_adc.o(i.ADC_GetFlagStatus)
    ADC_Init                                 0x080008a5   Thumb Code    74  stm32f4xx_adc.o(i.ADC_Init)
    ADC_RegularChannelConfig                 0x080008f9   Thumb Code   184  stm32f4xx_adc.o(i.ADC_RegularChannelConfig)
    ADC_SoftwareStartConv                    0x080009b1   Thumb Code    10  stm32f4xx_adc.o(i.ADC_SoftwareStartConv)
    ADC_StructInit                           0x080009bb   Thumb Code    20  stm32f4xx_adc.o(i.ADC_StructInit)
    BEEP                                     0x08000a5d   Thumb Code    32  main.o(i.BEEP)
    BSP_RTC_Init                             0x08000acd   Thumb Code   138  rtc.o(i.BSP_RTC_Init)
    BZ_Init                                  0x08000b59   Thumb Code    56  main.o(i.BZ_Init)
    BusFault_Handler                         0x08000c09   Thumb Code     4  stm32f4xx_it.o(i.BusFault_Handler)
    CAN1_RX0_IRQHandler                      0x08000c0d   Thumb Code    72  can.o(i.CAN1_RX0_IRQHandler)
    CAN_Receive                              0x08000c81   Thumb Code   240  stm32f4xx_can.o(i.CAN_Receive)
    DHT11_Init                               0x08000d71   Thumb Code    24  dht11.o(i.DHT11_Init)
    DHT11_ReadBit                            0x08000de1   Thumb Code    62  dht11.o(i.DHT11_ReadBit)
    DHT11_ReadData                           0x08000e49   Thumb Code   158  dht11.o(i.DHT11_ReadData)
    DHT11_WaitFor                            0x08000eed   Thumb Code    50  dht11.o(i.DHT11_WaitFor)
    DebugMon_Handler                         0x08000f25   Thumb Code     2  stm32f4xx_it.o(i.DebugMon_Handler)
    FPR_AddFinger                            0x08000fbd   Thumb Code   130  fpr_zn632.o(i.FPR_AddFinger)
    FPR_GetImage                             0x08001095   Thumb Code    40  fpr_zn632.o(i.FPR_GetImage)
    FPR_Init                                 0x080010d5   Thumb Code    20  fpr_zn632.o(i.FPR_Init)
    FPR_MatchFinger                          0x080010e9   Thumb Code    80  fpr_zn632.o(i.FPR_MatchFinger)
    FSMC_NORSRAMCmd                          0x0800117d   Thumb Code    46  stm32f4xx_fsmc.o(i.FSMC_NORSRAMCmd)
    FSMC_NORSRAMInit                         0x080011b1   Thumb Code   230  stm32f4xx_fsmc.o(i.FSMC_NORSRAMInit)
    GPIO_Init                                0x08001297   Thumb Code   144  stm32f4xx_gpio.o(i.GPIO_Init)
    GPIO_PinAFConfig                         0x08001327   Thumb Code    70  stm32f4xx_gpio.o(i.GPIO_PinAFConfig)
    GPIO_ReadInputDataBit                    0x0800136d   Thumb Code    18  stm32f4xx_gpio.o(i.GPIO_ReadInputDataBit)
    GPIO_ResetBits                           0x0800137f   Thumb Code     4  stm32f4xx_gpio.o(i.GPIO_ResetBits)
    GPIO_SetBits                             0x08001383   Thumb Code     4  stm32f4xx_gpio.o(i.GPIO_SetBits)
    HardFault_Handler                        0x08001387   Thumb Code     4  stm32f4xx_it.o(i.HardFault_Handler)
    IIC_Start                                0x0800138d   Thumb Code    60  oled.o(i.IIC_Start)
    IIC_Stop                                 0x080013cd   Thumb Code    46  oled.o(i.IIC_Stop)
    IIC_Wait_Ack                             0x08001401   Thumb Code    32  oled.o(i.IIC_Wait_Ack)
    IR_GPIO_Init                             0x0800173d   Thumb Code    50  ir_recv.o(i.IR_GPIO_Init)
    IR_Rece_Proc                             0x08001775   Thumb Code    80  main.o(i.IR_Rece_Proc)
    IR_Recv                                  0x080017fd   Thumb Code   108  ir_recv.o(i.IR_Recv)
    IR_Recv_Init                             0x08001871   Thumb Code    12  ir_recv.o(i.IR_Recv_Init)
    IR_TIM_Init                              0x0800187d   Thumb Code   130  ir_recv.o(i.IR_TIM_Init)
    K_Init                                   0x08001905   Thumb Code    62  main.o(i.K_Init)
    LBlue                                    0x0800194d   Thumb Code    18  main.o(i.LBlue)
    LCD_Clear                                0x08001961   Thumb Code    40  lcd_ili9341.o(i.LCD_Clear)
    LCD_DispMask                             0x0800198d   Thumb Code   110  lcd_ili9341.o(i.LCD_DispMask)
    LCD_DispStringEN                         0x08001a09   Thumb Code   114  lcd_ili9341.o(i.LCD_DispStringEN)
    LCD_GetFontEN                            0x08001a85   Thumb Code     6  lcd_fonts.o(i.LCD_GetFontEN)
    LCD_GetMaskEN                            0x08001a91   Thumb Code    52  lcd_fonts.o(i.LCD_GetMaskEN)
    LCD_Init                                 0x08001ac9   Thumb Code    34  lcd_ili9341.o(i.LCD_Init)
    LCD_SetBackColor                         0x08001af1   Thumb Code     6  lcd_ili9341.o(i.LCD_SetBackColor)
    LCD_SetTextColor                         0x08001afd   Thumb Code     6  lcd_ili9341.o(i.LCD_SetTextColor)
    LED_Init                                 0x08001b09   Thumb Code    68  main.o(i.LED_Init)
    Log_Read                                 0x08001b51   Thumb Code    60  main.o(i.Log_Read)
    Log_Save                                 0x08001b91   Thumb Code   106  main.o(i.Log_Save)
    MQ_ADC_Config                            0x08001c05   Thumb Code   100  mq.o(i.MQ_ADC_Config)
    MQ_GPIO_Config                           0x08001c6d   Thumb Code    36  mq.o(i.MQ_GPIO_Config)
    MQ_Init                                  0x08001c95   Thumb Code    12  mq.o(i.MQ_Init)
    MQ_ReadValue                             0x08001ca1   Thumb Code    58  mq.o(i.MQ_ReadValue)
    MemManage_Handler                        0x08001ce1   Thumb Code     4  stm32f4xx_it.o(i.MemManage_Handler)
    NMI_Handler                              0x08001ce5   Thumb Code     2  stm32f4xx_it.o(i.NMI_Handler)
    NVIC_Init                                0x08001ce9   Thumb Code   106  misc.o(i.NVIC_Init)
    OLED_Clear                               0x08001d61   Thumb Code    62  oled.o(i.OLED_Clear)
    OLED_Init                                0x08001da1   Thumb Code   242  oled.o(i.OLED_Init)
    OLED_Set_Pos                             0x08001e99   Thumb Code    40  oled.o(i.OLED_Set_Pos)
    OLED_ShowChar                            0x08001ec1   Thumb Code   154  oled.o(i.OLED_ShowChar)
    OLED_ShowString                          0x08001f65   Thumb Code    58  oled.o(i.OLED_ShowString)
    OLED_WR_Byte                             0x08002101   Thumb Code    24  oled.o(i.OLED_WR_Byte)
    PWR_BackupAccessCmd                      0x08003e35   Thumb Code     6  stm32f4xx_pwr.o(i.PWR_BackupAccessCmd)
    PendSV_Handler                           0x08003e41   Thumb Code     2  stm32f4xx_it.o(i.PendSV_Handler)
    RCC_AHB1PeriphClockCmd                   0x08003e45   Thumb Code    26  stm32f4xx_rcc.o(i.RCC_AHB1PeriphClockCmd)
    RCC_AHB3PeriphClockCmd                   0x08003e65   Thumb Code    26  stm32f4xx_rcc.o(i.RCC_AHB3PeriphClockCmd)
    RCC_APB1PeriphClockCmd                   0x08003e85   Thumb Code    26  stm32f4xx_rcc.o(i.RCC_APB1PeriphClockCmd)
    RCC_APB2PeriphClockCmd                   0x08003ea5   Thumb Code    26  stm32f4xx_rcc.o(i.RCC_APB2PeriphClockCmd)
    RCC_GetClocksFreq                        0x08003ec5   Thumb Code   214  stm32f4xx_rcc.o(i.RCC_GetClocksFreq)
    RCC_GetFlagStatus                        0x08003fad   Thumb Code    60  stm32f4xx_rcc.o(i.RCC_GetFlagStatus)
    RCC_LSEConfig                            0x08003fed   Thumb Code    40  stm32f4xx_rcc.o(i.RCC_LSEConfig)
    RCC_RTCCLKCmd                            0x08004019   Thumb Code     6  stm32f4xx_rcc.o(i.RCC_RTCCLKCmd)
    RCC_RTCCLKConfig                         0x08004025   Thumb Code    50  stm32f4xx_rcc.o(i.RCC_RTCCLKConfig)
    RTC_EnterInitMode                        0x08004095   Thumb Code    76  stm32f4xx_rtc.o(i.RTC_EnterInitMode)
    RTC_ExitInitMode                         0x080040e5   Thumb Code    14  stm32f4xx_rtc.o(i.RTC_ExitInitMode)
    RTC_GetDate                              0x080040f9   Thumb Code    68  stm32f4xx_rtc.o(i.RTC_GetDate)
    RTC_GetTime                              0x08004145   Thumb Code    72  stm32f4xx_rtc.o(i.RTC_GetTime)
    RTC_Init                                 0x08004195   Thumb Code    94  stm32f4xx_rtc.o(i.RTC_Init)
    RTC_ReadBackupRegister                   0x080041f9   Thumb Code    26  stm32f4xx_rtc.o(i.RTC_ReadBackupRegister)
    RTC_SetDate                              0x08004219   Thumb Code   190  stm32f4xx_rtc.o(i.RTC_SetDate)
    RTC_SetTime                              0x080042e1   Thumb Code   198  stm32f4xx_rtc.o(i.RTC_SetTime)
    RTC_Set_Date                             0x080043b1   Thumb Code    36  rtc.o(i.RTC_Set_Date)
    RTC_Set_Time                             0x080043d5   Thumb Code    36  rtc.o(i.RTC_Set_Time)
    RTC_WaitForSynchro                       0x080043f9   Thumb Code    92  stm32f4xx_rtc.o(i.RTC_WaitForSynchro)
    RTC_WriteBackupRegister                  0x08004459   Thumb Code    24  stm32f4xx_rtc.o(i.RTC_WriteBackupRegister)
    SPI_Cmd                                  0x08004475   Thumb Code    24  stm32f4xx_spi.o(i.SPI_Cmd)
    SPI_I2S_GetFlagStatus                    0x0800448d   Thumb Code    18  stm32f4xx_spi.o(i.SPI_I2S_GetFlagStatus)
    SPI_I2S_ReceiveData                      0x0800449f   Thumb Code     6  stm32f4xx_spi.o(i.SPI_I2S_ReceiveData)
    SPI_I2S_SendData                         0x080044a5   Thumb Code     4  stm32f4xx_spi.o(i.SPI_I2S_SendData)
    SPI_Init                                 0x080044a9   Thumb Code    60  stm32f4xx_spi.o(i.SPI_Init)
    SVC_Handler                              0x080044e5   Thumb Code     2  stm32f4xx_it.o(i.SVC_Handler)
    SysTick_Handler                          0x080045d5   Thumb Code     2  stm32f4xx_it.o(i.SysTick_Handler)
    SystemInit                               0x080045d9   Thumb Code    88  system_stm32f4xx.o(i.SystemInit)
    TIM1_BRK_TIM9_IRQHandler                 0x08004765   Thumb Code   302  ir_recv.o(i.TIM1_BRK_TIM9_IRQHandler)
    TIM_ClearITPendingBit                    0x080048b9   Thumb Code     6  stm32f4xx_tim.o(i.TIM_ClearITPendingBit)
    TIM_Cmd                                  0x080048bf   Thumb Code    24  stm32f4xx_tim.o(i.TIM_Cmd)
    TIM_GetCapture1                          0x080048d7   Thumb Code     6  stm32f4xx_tim.o(i.TIM_GetCapture1)
    TIM_GetITStatus                          0x080048dd   Thumb Code    34  stm32f4xx_tim.o(i.TIM_GetITStatus)
    TIM_ICInit                               0x080048ff   Thumb Code   110  stm32f4xx_tim.o(i.TIM_ICInit)
    TIM_ITConfig                             0x0800496d   Thumb Code    18  stm32f4xx_tim.o(i.TIM_ITConfig)
    TIM_SetCounter                           0x0800497f   Thumb Code     4  stm32f4xx_tim.o(i.TIM_SetCounter)
    TIM_SetIC1Prescaler                      0x08004983   Thumb Code    18  stm32f4xx_tim.o(i.TIM_SetIC1Prescaler)
    TIM_SetIC2Prescaler                      0x08004995   Thumb Code    26  stm32f4xx_tim.o(i.TIM_SetIC2Prescaler)
    TIM_SetIC3Prescaler                      0x080049af   Thumb Code    18  stm32f4xx_tim.o(i.TIM_SetIC3Prescaler)
    TIM_SetIC4Prescaler                      0x080049c1   Thumb Code    26  stm32f4xx_tim.o(i.TIM_SetIC4Prescaler)
    TIM_TimeBaseInit                         0x080049dd   Thumb Code   104  stm32f4xx_tim.o(i.TIM_TimeBaseInit)
    UART2_Init                               0x08004b29   Thumb Code   150  usart.o(i.UART2_Init)
    UART4_IRQHandler                         0x08004bc9   Thumb Code   112  gps.o(i.UART4_IRQHandler)
    USART1_IRQHandler                        0x08004c49   Thumb Code    58  fpr_zn632.o(i.USART1_IRQHandler)
    USART2_IRQHandler                        0x08004c91   Thumb Code    32  usart.o(i.USART2_IRQHandler)
    USART_ClearITPendingBit                  0x08004cb5   Thumb Code    30  stm32f4xx_usart.o(i.USART_ClearITPendingBit)
    USART_Cmd                                0x08004cd3   Thumb Code    24  stm32f4xx_usart.o(i.USART_Cmd)
    USART_GetFlagStatus                      0x08004ceb   Thumb Code    26  stm32f4xx_usart.o(i.USART_GetFlagStatus)
    USART_GetITStatus                        0x08004d05   Thumb Code    84  stm32f4xx_usart.o(i.USART_GetITStatus)
    USART_ITConfig                           0x08004d59   Thumb Code    74  stm32f4xx_usart.o(i.USART_ITConfig)
    USART_Init                               0x08004da5   Thumb Code   204  stm32f4xx_usart.o(i.USART_Init)
    USART_ReceiveData                        0x08004e79   Thumb Code    10  stm32f4xx_usart.o(i.USART_ReceiveData)
    USART_SendData                           0x08004e83   Thumb Code     8  stm32f4xx_usart.o(i.USART_SendData)
    UsageFault_Handler                       0x08004e8b   Thumb Code     4  stm32f4xx_it.o(i.UsageFault_Handler)
    W25QXX_BufferRead                        0x08004e91   Thumb Code    76  flash_w25qxx.o(i.W25QXX_BufferRead)
    W25QXX_BufferWrite                       0x08004ee1   Thumb Code   144  flash_w25qxx.o(i.W25QXX_BufferWrite)
    W25QXX_Init                              0x08004f71   Thumb Code   180  flash_w25qxx.o(i.W25QXX_Init)
    W25QXX_PageWrite                         0x08005031   Thumb Code    98  flash_w25qxx.o(i.W25QXX_PageWrite)
    W25QXX_SectorErase                       0x080050b5   Thumb Code    58  flash_w25qxx.o(i.W25QXX_SectorErase)
    W25QXX_SendByte                          0x080050f5   Thumb Code    50  flash_w25qxx.o(i.W25QXX_SendByte)
    W25QXX_WaitForWriteEnd                   0x0800512d   Thumb Code    64  flash_w25qxx.o(i.W25QXX_WaitForWriteEnd)
    W25QXX_WaitSpiFlag                       0x08005171   Thumb Code    44  flash_w25qxx.o(i.W25QXX_WaitSpiFlag)
    W25QXX_WriteEnable                       0x080051a1   Thumb Code    26  flash_w25qxx.o(i.W25QXX_WriteEnable)
    Write_IIC_Byte                           0x080051c1   Thumb Code   104  oled.o(i.Write_IIC_Byte)
    Write_IIC_Command                        0x0800522d   Thumb Code    44  oled.o(i.Write_IIC_Command)
    Write_IIC_Data                           0x08005259   Thumb Code    44  oled.o(i.Write_IIC_Data)
    XPT2046_GetTouchPoint                    0x080053a5   Thumb Code   376  xpt2046.o(i.XPT2046_GetTouchPoint)
    XPT2046_Init                             0x08005525   Thumb Code   132  xpt2046.o(i.XPT2046_Init)
    ZN632_CheckAck                           0x08005695   Thumb Code   156  fpr_zn632.o(i.ZN632_CheckAck)
    ZN632_ClearRxBuf                         0x08005739   Thumb Code    20  fpr_zn632.o(i.ZN632_ClearRxBuf)
    ZN632_DeletChar                          0x08005755   Thumb Code   166  fpr_zn632.o(i.ZN632_DeletChar)
    ZN632_Empty                              0x080057fb   Thumb Code   112  fpr_zn632.o(i.ZN632_Empty)
    ZN632_GPIO_Init                          0x0800586d   Thumb Code    42  fpr_zn632.o(i.ZN632_GPIO_Init)
    ZN632_GenChar                            0x0800589d   Thumb Code   124  fpr_zn632.o(i.ZN632_GenChar)
    ZN632_GetImage                           0x08005919   Thumb Code   112  fpr_zn632.o(i.ZN632_GetImage)
    ZN632_GetIndexEmpty                      0x08005989   Thumb Code    56  fpr_zn632.o(i.ZN632_GetIndexEmpty)
    ZN632_HighSpeedSearch                    0x080059c5   Thumb Code   218  fpr_zn632.o(i.ZN632_HighSpeedSearch)
    ZN632_PowerOn                            0x08005aa5   Thumb Code    54  fpr_zn632.o(i.ZN632_PowerOn)
    ZN632_ReadIndexTable                     0x08005ae5   Thumb Code   138  fpr_zn632.o(i.ZN632_ReadIndexTable)
    ZN632_RegModel                           0x08005b79   Thumb Code   112  fpr_zn632.o(i.ZN632_RegModel)
    ZN632_SendData                           0x08005be9   Thumb Code    44  fpr_zn632.o(i.ZN632_SendData)
    ZN632_SendHead                           0x08005c19   Thumb Code    62  fpr_zn632.o(i.ZN632_SendHead)
    ZN632_SetIndex                           0x08005c5d   Thumb Code    52  fpr_zn632.o(i.ZN632_SetIndex)
    ZN632_ShowError                          0x08005c95   Thumb Code     2  fpr_zn632.o(i.ZN632_ShowError)
    ZN632_StoreChar                          0x08005c97   Thumb Code   150  fpr_zn632.o(i.ZN632_StoreChar)
    ZN632_UART_Init                          0x08005d2d   Thumb Code   166  fpr_zn632.o(i.ZN632_UART_Init)
    ZN632_VryPwd                             0x08005ddd   Thumb Code   156  fpr_zn632.o(i.ZN632_VryPwd)
    __0printf                                0x08005e79   Thumb Code    22  printfa.o(i.__0printf)
    __1printf                                0x08005e79   Thumb Code     0  printfa.o(i.__0printf)
    __2printf                                0x08005e79   Thumb Code     0  printfa.o(i.__0printf)
    __c89printf                              0x08005e79   Thumb Code     0  printfa.o(i.__0printf)
    printf                                   0x08005e79   Thumb Code     0  printfa.o(i.__0printf)
    __0sprintf                               0x08005e99   Thumb Code    34  printfa.o(i.__0sprintf)
    __1sprintf                               0x08005e99   Thumb Code     0  printfa.o(i.__0sprintf)
    __2sprintf                               0x08005e99   Thumb Code     0  printfa.o(i.__0sprintf)
    __c89sprintf                             0x08005e99   Thumb Code     0  printfa.o(i.__0sprintf)
    sprintf                                  0x08005e99   Thumb Code     0  printfa.o(i.__0sprintf)
    __scatterload_copy                       0x08005ec1   Thumb Code    14  handlers.o(i.__scatterload_copy)
    __scatterload_null                       0x08005ecf   Thumb Code     2  handlers.o(i.__scatterload_null)
    __scatterload_zeroinit                   0x08005ed1   Thumb Code    14  handlers.o(i.__scatterload_zeroinit)
    delay_ms                                 0x0800679d   Thumb Code    30  delay.o(i.delay_ms)
    delay_us                                 0x080067bb   Thumb Code    28  delay.o(i.delay_us)
    fputc                                    0x080067d9   Thumb Code    32  usart.o(i.fputc)
    main                                     0x080067fd   Thumb Code   610  main.o(i.main)
    ASCII8x16_Table                          0x08006b18   Data        1520  lcd_fonts.o(.constdata)
    F6x8                                     0x08007108   Data         552  oled.o(.constdata)
    F8X16                                    0x08007330   Data        1520  oled.o(.constdata)
    Region$$Table$$Base                      0x08007990   Number         0  anon$$obj.o(Region$$Table)
    Region$$Table$$Limit                     0x080079b0   Number         0  anon$$obj.o(Region$$Table)
    ZN632_RxBufLen                           0x20000000   Data           4  fpr_zn632.o(.data)
    g_uExitToChange                          0x20000004   Data           1  fpr_zn632.o(.data)
    ZN632_ADDR                               0x20000005   Data           4  fpr_zn632.o(.data)
    ASCII_8x16                               0x2000000c   Data           8  lcd_fonts.o(.data)
    g_LCD_ScanMode                           0x20000018   Data           1  lcd_ili9341.o(.data)
    g_LCD_LenX                               0x2000001a   Data           2  lcd_ili9341.o(.data)
    g_LCD_LenY                               0x2000001c   Data           2  lcd_ili9341.o(.data)
    g_GPS_RxBufLen                           0x20000022   Data           2  gps.o(.data)
    g_GPS_RxDataOK                           0x20000024   Data           1  gps.o(.data)
    IRState                                  0x20000028   Data           1  ir_recv.o(.data)
    CapValue                                 0x2000002c   Data           4  ir_recv.o(.data)
    IRCount                                  0x20000030   Data           4  ir_recv.o(.data)
    IRData                                   0x20000034   Data           4  ir_recv.o(.data)
    LCD_SCAN_MODE                            0x20000038   Data           4  xpt2046.o(.data)
    TouchFactor                              0x20000040   Data         384  xpt2046.o(.data)
    SystemCoreClock                          0x2000020c   Data           4  system_stm32f4xx.o(.data)
    AHBPrescTable                            0x20000210   Data          16  system_stm32f4xx.o(.data)
    __stdout                                 0x20000220   Data           4  stdout.o(.data)
    ZN632_RxBuf                              0x20000224   Data         128  fpr_zn632.o(.bss)
    ZN632_INDEX                              0x200002a4   Data          32  fpr_zn632.o(.bss)
    g_GPS_RxBuf                              0x200002c4   Data         500  gps.o(.bss)
    __initial_sp                             0x200008d8   Data           0  startup_stm32f40_41xxx.o(STACK)



==============================================================================

Memory Map of the image

  Image Entry point : 0x0800019d

  Load Region LR_1 (Base: 0x08000000, Size: 0x00007bd4, Max: 0xffffffff, ABSOLUTE, COMPRESSED[0x00007b70])

    Execution Region ER_RO (Exec base: 0x08000000, Load base: 0x08000000, Size: 0x000079b0, Max: 0xffffffff, ABSOLUTE)

    Exec Addr    Load Addr    Size         Type   Attr      Idx    E Section Name        Object

    0x08000000   0x08000000   0x00000188   Data   RO         6491    RESET               startup_stm32f40_41xxx.o
    0x08000188   0x08000188   0x00000000   Code   RO         6571  * .ARM.Collect$$$$00000000  mc_w.l(entry.o)
    0x08000188   0x08000188   0x00000004   Code   RO         6861    .ARM.Collect$$$$00000001  mc_w.l(entry2.o)
    0x0800018c   0x0800018c   0x00000004   Code   RO         6864    .ARM.Collect$$$$00000004  mc_w.l(entry5.o)
    0x08000190   0x08000190   0x00000000   Code   RO         6866    .ARM.Collect$$$$00000008  mc_w.l(entry7b.o)
    0x08000190   0x08000190   0x00000000   Code   RO         6868    .ARM.Collect$$$$0000000A  mc_w.l(entry8b.o)
    0x08000190   0x08000190   0x00000008   Code   RO         6869    .ARM.Collect$$$$0000000B  mc_w.l(entry9a.o)
    0x08000198   0x08000198   0x00000000   Code   RO         6871    .ARM.Collect$$$$0000000D  mc_w.l(entry10a.o)
    0x08000198   0x08000198   0x00000000   Code   RO         6873    .ARM.Collect$$$$0000000F  mc_w.l(entry11a.o)
    0x08000198   0x08000198   0x00000004   Code   RO         6862    .ARM.Collect$$$$00002712  mc_w.l(entry2.o)
    0x0800019c   0x0800019c   0x00000024   Code   RO         6492  * .text               startup_stm32f40_41xxx.o
    0x080001c0   0x080001c0   0x00000024   Code   RO         6574    .text               mc_w.l(memcpya.o)
    0x080001e4   0x080001e4   0x00000024   Code   RO         6576    .text               mc_w.l(memseta.o)
    0x08000208   0x08000208   0x0000000e   Code   RO         6578    .text               mc_w.l(strlen.o)
    0x08000216   0x08000216   0x0000001c   Code   RO         6580    .text               mc_w.l(strcmp.o)
    0x08000232   0x08000232   0x00000012   Code   RO         6582    .text               mc_w.l(strcpy.o)
    0x08000244   0x08000244   0x0000014e   Code   RO         6853    .text               mf_w.l(dadd.o)
    0x08000392   0x08000392   0x000000e4   Code   RO         6855    .text               mf_w.l(dmul.o)
    0x08000476   0x08000476   0x00000022   Code   RO         6857    .text               mf_w.l(dflti.o)
    0x08000498   0x08000498   0x0000003e   Code   RO         6859    .text               mf_w.l(dfixi.o)
    0x080004d6   0x080004d6   0x0000002c   Code   RO         6876    .text               mc_w.l(uidiv.o)
    0x08000502   0x08000502   0x00000062   Code   RO         6878    .text               mc_w.l(uldiv.o)
    0x08000564   0x08000564   0x0000001e   Code   RO         6880    .text               mc_w.l(llshl.o)
    0x08000582   0x08000582   0x00000020   Code   RO         6882    .text               mc_w.l(llushr.o)
    0x080005a2   0x080005a2   0x00000024   Code   RO         6884    .text               mc_w.l(llsshr.o)
    0x080005c6   0x080005c6   0x00000000   Code   RO         6925    .text               mc_w.l(iusefp.o)
    0x080005c6   0x080005c6   0x000000ba   Code   RO         6926    .text               mf_w.l(depilogue.o)
    0x08000680   0x08000680   0x000000de   Code   RO         6928    .text               mf_w.l(ddiv.o)
    0x0800075e   0x0800075e   0x00000030   Code   RO         6930    .text               mf_w.l(dfixul.o)
    0x0800078e   0x0800078e   0x00000002   PAD
    0x08000790   0x08000790   0x00000030   Code   RO         6932    .text               mf_w.l(cdrcmple.o)
    0x080007c0   0x080007c0   0x00000024   Code   RO         6934    .text               mc_w.l(init.o)
    0x080007e4   0x080007e4   0x00000056   Code   RO         6963    .text               mc_w.l(__dczerorl2.o)
    0x0800083a   0x0800083a   0x00000006   Code   RO         1520    i.ADC_ClearFlag     stm32f4xx_adc.o
    0x08000840   0x08000840   0x00000016   Code   RO         1522    i.ADC_Cmd           stm32f4xx_adc.o
    0x08000856   0x08000856   0x00000002   PAD
    0x08000858   0x08000858   0x00000030   Code   RO         1523    i.ADC_CommonInit    stm32f4xx_adc.o
    0x08000888   0x08000888   0x00000008   Code   RO         1534    i.ADC_GetConversionValue  stm32f4xx_adc.o
    0x08000890   0x08000890   0x00000012   Code   RO         1535    i.ADC_GetFlagStatus  stm32f4xx_adc.o
    0x080008a2   0x080008a2   0x00000002   PAD
    0x080008a4   0x080008a4   0x00000054   Code   RO         1542    i.ADC_Init          stm32f4xx_adc.o
    0x080008f8   0x080008f8   0x000000b8   Code   RO         1547    i.ADC_RegularChannelConfig  stm32f4xx_adc.o
    0x080009b0   0x080009b0   0x0000000a   Code   RO         1549    i.ADC_SoftwareStartConv  stm32f4xx_adc.o
    0x080009ba   0x080009ba   0x00000014   Code   RO         1551    i.ADC_StructInit    stm32f4xx_adc.o
    0x080009ce   0x080009ce   0x00000002   PAD
    0x080009d0   0x080009d0   0x0000008c   Code   RO         6202    i.BDraw             main.o
    0x08000a5c   0x08000a5c   0x00000024   Code   RO         6203    i.BEEP              main.o
    0x08000a80   0x08000a80   0x0000004c   Code   RO         6204    i.BH                main.o
    0x08000acc   0x08000acc   0x0000008a   Code   RO          291    i.BSP_RTC_Init      rtc.o
    0x08000b56   0x08000b56   0x00000002   PAD
    0x08000b58   0x08000b58   0x0000003c   Code   RO         6206    i.BZ_Init           main.o
    0x08000b94   0x08000b94   0x00000074   Code   RO         6207    i.BtInit            main.o
    0x08000c08   0x08000c08   0x00000004   Code   RO         6416    i.BusFault_Handler  stm32f4xx_it.o
    0x08000c0c   0x08000c0c   0x00000074   Code   RO          563    i.CAN1_RX0_IRQHandler  can.o
    0x08000c80   0x08000c80   0x000000f0   Code   RO         1774    i.CAN_Receive       stm32f4xx_can.o
    0x08000d70   0x08000d70   0x0000001c   Code   RO          609    i.DHT11_Init        dht11.o
    0x08000d8c   0x08000d8c   0x00000028   Code   RO          610    i.DHT11_Mode_IN     dht11.o
    0x08000db4   0x08000db4   0x0000002c   Code   RO          611    i.DHT11_Mode_OUT    dht11.o
    0x08000de0   0x08000de0   0x00000044   Code   RO          612    i.DHT11_ReadBit     dht11.o
    0x08000e24   0x08000e24   0x00000022   Code   RO          613    i.DHT11_ReadByte    dht11.o
    0x08000e46   0x08000e46   0x00000002   PAD
    0x08000e48   0x08000e48   0x000000a4   Code   RO          614    i.DHT11_ReadData    dht11.o
    0x08000eec   0x08000eec   0x00000038   Code   RO          615    i.DHT11_WaitFor     dht11.o
    0x08000f24   0x08000f24   0x00000002   Code   RO         6417    i.DebugMon_Handler  stm32f4xx_it.o
    0x08000f26   0x08000f26   0x00000002   PAD
    0x08000f28   0x08000f28   0x00000064   Code   RO         6208    i.ExDraw            main.o
    0x08000f8c   0x08000f8c   0x00000030   Code   RO         6209    i.ExH               main.o
    0x08000fbc   0x08000fbc   0x000000d8   Code   RO            3    i.FPR_AddFinger     fpr_zn632.o
    0x08001094   0x08001094   0x00000040   Code   RO            4    i.FPR_GetImage      fpr_zn632.o
    0x080010d4   0x080010d4   0x00000014   Code   RO            5    i.FPR_Init          fpr_zn632.o
    0x080010e8   0x080010e8   0x00000094   Code   RO            6    i.FPR_MatchFinger   fpr_zn632.o
    0x0800117c   0x0800117c   0x00000034   Code   RO         3074    i.FSMC_NORSRAMCmd   stm32f4xx_fsmc.o
    0x080011b0   0x080011b0   0x000000e6   Code   RO         3076    i.FSMC_NORSRAMInit  stm32f4xx_fsmc.o
    0x08001296   0x08001296   0x00000090   Code   RO         3195    i.GPIO_Init         stm32f4xx_gpio.o
    0x08001326   0x08001326   0x00000046   Code   RO         3196    i.GPIO_PinAFConfig  stm32f4xx_gpio.o
    0x0800136c   0x0800136c   0x00000012   Code   RO         3199    i.GPIO_ReadInputDataBit  stm32f4xx_gpio.o
    0x0800137e   0x0800137e   0x00000004   Code   RO         3202    i.GPIO_ResetBits    stm32f4xx_gpio.o
    0x08001382   0x08001382   0x00000004   Code   RO         3203    i.GPIO_SetBits      stm32f4xx_gpio.o
    0x08001386   0x08001386   0x00000004   Code   RO         6418    i.HardFault_Handler  stm32f4xx_it.o
    0x0800138a   0x0800138a   0x00000002   PAD
    0x0800138c   0x0800138c   0x00000040   Code   RO         1122    i.IIC_Start         oled.o
    0x080013cc   0x080013cc   0x00000034   Code   RO         1123    i.IIC_Stop          oled.o
    0x08001400   0x08001400   0x00000024   Code   RO         1124    i.IIC_Wait_Ack      oled.o
    0x08001424   0x08001424   0x00000024   Code   RO          368    i.ILI9341_BackLight  lcd_ili9341.o
    0x08001448   0x08001448   0x0000005e   Code   RO          369    i.ILI9341_FSMC_Config  lcd_ili9341.o
    0x080014a6   0x080014a6   0x00000002   PAD
    0x080014a8   0x080014a8   0x00000020   Code   RO          370    i.ILI9341_FillColor  lcd_ili9341.o
    0x080014c8   0x080014c8   0x0000013c   Code   RO          371    i.ILI9341_GPIO_Config  lcd_ili9341.o
    0x08001604   0x08001604   0x00000074   Code   RO          372    i.ILI9341_GramScan  lcd_ili9341.o
    0x08001678   0x08001678   0x00000050   Code   RO          373    i.ILI9341_OpenWindow  lcd_ili9341.o
    0x080016c8   0x080016c8   0x00000050   Code   RO          374    i.ILI9341_REG_Config  lcd_ili9341.o
    0x08001718   0x08001718   0x00000024   Code   RO          375    i.ILI9341_Rst       lcd_ili9341.o
    0x0800173c   0x0800173c   0x00000038   Code   RO          968    i.IR_GPIO_Init      ir_recv.o
    0x08001774   0x08001774   0x00000088   Code   RO         6210    i.IR_Rece_Proc      main.o
    0x080017fc   0x080017fc   0x00000074   Code   RO          970    i.IR_Recv           ir_recv.o
    0x08001870   0x08001870   0x0000000c   Code   RO          971    i.IR_Recv_Init      ir_recv.o
    0x0800187c   0x0800187c   0x00000088   Code   RO          972    i.IR_TIM_Init       ir_recv.o
    0x08001904   0x08001904   0x00000048   Code   RO         6211    i.K_Init            main.o
    0x0800194c   0x0800194c   0x00000012   Code   RO         6212    i.LBlue             main.o
    0x0800195e   0x0800195e   0x00000002   PAD
    0x08001960   0x08001960   0x0000002c   Code   RO          376    i.LCD_Clear         lcd_ili9341.o
    0x0800198c   0x0800198c   0x0000007c   Code   RO          377    i.LCD_DispMask      lcd_ili9341.o
    0x08001a08   0x08001a08   0x0000007c   Code   RO          378    i.LCD_DispStringEN  lcd_ili9341.o
    0x08001a84   0x08001a84   0x0000000c   Code   RO          326    i.LCD_GetFontEN     lcd_fonts.o
    0x08001a90   0x08001a90   0x00000038   Code   RO          327    i.LCD_GetMaskEN     lcd_fonts.o
    0x08001ac8   0x08001ac8   0x00000028   Code   RO          382    i.LCD_Init          lcd_ili9341.o
    0x08001af0   0x08001af0   0x0000000c   Code   RO          383    i.LCD_SetBackColor  lcd_ili9341.o
    0x08001afc   0x08001afc   0x0000000c   Code   RO          386    i.LCD_SetTextColor  lcd_ili9341.o
    0x08001b08   0x08001b08   0x00000048   Code   RO         6213    i.LED_Init          main.o
    0x08001b50   0x08001b50   0x00000040   Code   RO         6215    i.Log_Read          main.o
    0x08001b90   0x08001b90   0x00000074   Code   RO         6216    i.Log_Save          main.o
    0x08001c04   0x08001c04   0x00000068   Code   RO         1081    i.MQ_ADC_Config     mq.o
    0x08001c6c   0x08001c6c   0x00000028   Code   RO         1082    i.MQ_GPIO_Config    mq.o
    0x08001c94   0x08001c94   0x0000000c   Code   RO         1083    i.MQ_Init           mq.o
    0x08001ca0   0x08001ca0   0x00000040   Code   RO         1084    i.MQ_ReadValue      mq.o
    0x08001ce0   0x08001ce0   0x00000004   Code   RO         6419    i.MemManage_Handler  stm32f4xx_it.o
    0x08001ce4   0x08001ce4   0x00000002   Code   RO         6420    i.NMI_Handler       stm32f4xx_it.o
    0x08001ce6   0x08001ce6   0x00000002   PAD
    0x08001ce8   0x08001ce8   0x00000078   Code   RO         1472    i.NVIC_Init         misc.o
    0x08001d60   0x08001d60   0x0000003e   Code   RO         1125    i.OLED_Clear        oled.o
    0x08001d9e   0x08001d9e   0x00000002   PAD
    0x08001da0   0x08001da0   0x000000f8   Code   RO         1129    i.OLED_Init         oled.o
    0x08001e98   0x08001e98   0x00000028   Code   RO         1131    i.OLED_Set_Pos      oled.o
    0x08001ec0   0x08001ec0   0x000000a4   Code   RO         1133    i.OLED_ShowChar     oled.o
    0x08001f64   0x08001f64   0x0000003a   Code   RO         1135    i.OLED_ShowString   oled.o
    0x08001f9e   0x08001f9e   0x00000002   PAD
    0x08001fa0   0x08001fa0   0x00000160   Code   RO         6217    i.OLED_Update       main.o
    0x08002100   0x08002100   0x00000018   Code   RO         1136    i.OLED_WR_Byte      oled.o
    0x08002118   0x08002118   0x000000d8   Code   RO         6218    i.P1                main.o
    0x080021f0   0x080021f0   0x00000064   Code   RO         6219    i.P2                main.o
    0x08002254   0x08002254   0x000001e4   Code   RO         6220    i.P2_Finger         main.o
    0x08002438   0x08002438   0x00000168   Code   RO         6221    i.P2_Locked         main.o
    0x080025a0   0x080025a0   0x0000041c   Code   RO         6222    i.P2_Pwd            main.o
    0x080029bc   0x080029bc   0x0000018c   Code   RO         6223    i.P3                main.o
    0x08002b48   0x08002b48   0x0000024c   Code   RO         6224    i.P4                main.o
    0x08002d94   0x08002d94   0x000003a4   Code   RO         6225    i.P4_Delete         main.o
    0x08003138   0x08003138   0x00000198   Code   RO         6226    i.P4_Enroll         main.o
    0x080032d0   0x080032d0   0x00000604   Code   RO         6227    i.P4_Pwd            main.o
    0x080038d4   0x080038d4   0x0000045c   Code   RO         6228    i.P4_Time           main.o
    0x08003d30   0x08003d30   0x00000104   Code   RO         6229    i.P5                main.o
    0x08003e34   0x08003e34   0x0000000c   Code   RO         3937    i.PWR_BackupAccessCmd  stm32f4xx_pwr.o
    0x08003e40   0x08003e40   0x00000002   Code   RO         6421    i.PendSV_Handler    stm32f4xx_it.o
    0x08003e42   0x08003e42   0x00000002   PAD
    0x08003e44   0x08003e44   0x00000020   Code   RO         4059    i.RCC_AHB1PeriphClockCmd  stm32f4xx_rcc.o
    0x08003e64   0x08003e64   0x00000020   Code   RO         4065    i.RCC_AHB3PeriphClockCmd  stm32f4xx_rcc.o
    0x08003e84   0x08003e84   0x00000020   Code   RO         4068    i.RCC_APB1PeriphClockCmd  stm32f4xx_rcc.o
    0x08003ea4   0x08003ea4   0x00000020   Code   RO         4071    i.RCC_APB2PeriphClockCmd  stm32f4xx_rcc.o
    0x08003ec4   0x08003ec4   0x000000e8   Code   RO         4080    i.RCC_GetClocksFreq  stm32f4xx_rcc.o
    0x08003fac   0x08003fac   0x00000040   Code   RO         4081    i.RCC_GetFlagStatus  stm32f4xx_rcc.o
    0x08003fec   0x08003fec   0x0000002c   Code   RO         4089    i.RCC_LSEConfig     stm32f4xx_rcc.o
    0x08004018   0x08004018   0x0000000c   Code   RO         4103    i.RCC_RTCCLKCmd     stm32f4xx_rcc.o
    0x08004024   0x08004024   0x0000003c   Code   RO         4104    i.RCC_RTCCLKConfig  stm32f4xx_rcc.o
    0x08004060   0x08004060   0x00000016   Code   RO         4458    i.RTC_Bcd2ToByte    stm32f4xx_rtc.o
    0x08004076   0x08004076   0x0000001c   Code   RO         4460    i.RTC_ByteToBcd2    stm32f4xx_rtc.o
    0x08004092   0x08004092   0x00000002   PAD
    0x08004094   0x08004094   0x00000050   Code   RO         4470    i.RTC_EnterInitMode  stm32f4xx_rtc.o
    0x080040e4   0x080040e4   0x00000014   Code   RO         4471    i.RTC_ExitInitMode  stm32f4xx_rtc.o
    0x080040f8   0x080040f8   0x0000004c   Code   RO         4474    i.RTC_GetDate       stm32f4xx_rtc.o
    0x08004144   0x08004144   0x00000050   Code   RO         4479    i.RTC_GetTime       stm32f4xx_rtc.o
    0x08004194   0x08004194   0x00000064   Code   RO         4484    i.RTC_Init          stm32f4xx_rtc.o
    0x080041f8   0x080041f8   0x00000020   Code   RO         4487    i.RTC_ReadBackupRegister  stm32f4xx_rtc.o
    0x08004218   0x08004218   0x000000c8   Code   RO         4490    i.RTC_SetDate       stm32f4xx_rtc.o
    0x080042e0   0x080042e0   0x000000d0   Code   RO         4491    i.RTC_SetTime       stm32f4xx_rtc.o
    0x080043b0   0x080043b0   0x00000024   Code   RO          292    i.RTC_Set_Date      rtc.o
    0x080043d4   0x080043d4   0x00000024   Code   RO          293    i.RTC_Set_Time      rtc.o
    0x080043f8   0x080043f8   0x00000060   Code   RO         4507    i.RTC_WaitForSynchro  stm32f4xx_rtc.o
    0x08004458   0x08004458   0x0000001c   Code   RO         4510    i.RTC_WriteBackupRegister  stm32f4xx_rtc.o
    0x08004474   0x08004474   0x00000018   Code   RO         5176    i.SPI_Cmd           stm32f4xx_spi.o
    0x0800448c   0x0800448c   0x00000012   Code   RO         5184    i.SPI_I2S_GetFlagStatus  stm32f4xx_spi.o
    0x0800449e   0x0800449e   0x00000006   Code   RO         5187    i.SPI_I2S_ReceiveData  stm32f4xx_spi.o
    0x080044a4   0x080044a4   0x00000004   Code   RO         5188    i.SPI_I2S_SendData  stm32f4xx_spi.o
    0x080044a8   0x080044a8   0x0000003c   Code   RO         5189    i.SPI_Init          stm32f4xx_spi.o
    0x080044e4   0x080044e4   0x00000002   Code   RO         6422    i.SVC_Handler       stm32f4xx_it.o
    0x080044e6   0x080044e6   0x00000002   PAD
    0x080044e8   0x080044e8   0x000000ec   Code   RO         6530    i.SetSysClock       system_stm32f4xx.o
    0x080045d4   0x080045d4   0x00000002   Code   RO         6423    i.SysTick_Handler   stm32f4xx_it.o
    0x080045d6   0x080045d6   0x00000002   PAD
    0x080045d8   0x080045d8   0x00000068   Code   RO         6532    i.SystemInit        system_stm32f4xx.o
    0x08004640   0x08004640   0x0000003a   Code   RO         5390    i.TI1_Config        stm32f4xx_tim.o
    0x0800467a   0x0800467a   0x00000050   Code   RO         5391    i.TI2_Config        stm32f4xx_tim.o
    0x080046ca   0x080046ca   0x00000048   Code   RO         5392    i.TI3_Config        stm32f4xx_tim.o
    0x08004712   0x08004712   0x00000050   Code   RO         5393    i.TI4_Config        stm32f4xx_tim.o
    0x08004762   0x08004762   0x00000002   PAD
    0x08004764   0x08004764   0x00000154   Code   RO          973    i.TIM1_BRK_TIM9_IRQHandler  ir_recv.o
    0x080048b8   0x080048b8   0x00000006   Code   RO         5401    i.TIM_ClearITPendingBit  stm32f4xx_tim.o
    0x080048be   0x080048be   0x00000018   Code   RO         5406    i.TIM_Cmd           stm32f4xx_tim.o
    0x080048d6   0x080048d6   0x00000006   Code   RO         5421    i.TIM_GetCapture1   stm32f4xx_tim.o
    0x080048dc   0x080048dc   0x00000022   Code   RO         5427    i.TIM_GetITStatus   stm32f4xx_tim.o
    0x080048fe   0x080048fe   0x0000006e   Code   RO         5429    i.TIM_ICInit        stm32f4xx_tim.o
    0x0800496c   0x0800496c   0x00000012   Code   RO         5431    i.TIM_ITConfig      stm32f4xx_tim.o
    0x0800497e   0x0800497e   0x00000004   Code   RO         5472    i.TIM_SetCounter    stm32f4xx_tim.o
    0x08004982   0x08004982   0x00000012   Code   RO         5473    i.TIM_SetIC1Prescaler  stm32f4xx_tim.o
    0x08004994   0x08004994   0x0000001a   Code   RO         5474    i.TIM_SetIC2Prescaler  stm32f4xx_tim.o
    0x080049ae   0x080049ae   0x00000012   Code   RO         5475    i.TIM_SetIC3Prescaler  stm32f4xx_tim.o
    0x080049c0   0x080049c0   0x0000001a   Code   RO         5476    i.TIM_SetIC4Prescaler  stm32f4xx_tim.o
    0x080049da   0x080049da   0x00000002   PAD
    0x080049dc   0x080049dc   0x00000084   Code   RO         5478    i.TIM_TimeBaseInit  stm32f4xx_tim.o
    0x08004a60   0x08004a60   0x000000c8   Code   RO         6230    i.TWait             main.o
    0x08004b28   0x08004b28   0x000000a0   Code   RO          498    i.UART2_Init        usart.o
    0x08004bc8   0x08004bc8   0x00000080   Code   RO          830    i.UART4_IRQHandler  gps.o
    0x08004c48   0x08004c48   0x00000048   Code   RO            7    i.USART1_IRQHandler  fpr_zn632.o
    0x08004c90   0x08004c90   0x00000024   Code   RO          502    i.USART2_IRQHandler  usart.o
    0x08004cb4   0x08004cb4   0x0000001e   Code   RO         5953    i.USART_ClearITPendingBit  stm32f4xx_usart.o
    0x08004cd2   0x08004cd2   0x00000018   Code   RO         5956    i.USART_Cmd         stm32f4xx_usart.o
    0x08004cea   0x08004cea   0x0000001a   Code   RO         5959    i.USART_GetFlagStatus  stm32f4xx_usart.o
    0x08004d04   0x08004d04   0x00000054   Code   RO         5960    i.USART_GetITStatus  stm32f4xx_usart.o
    0x08004d58   0x08004d58   0x0000004a   Code   RO         5962    i.USART_ITConfig    stm32f4xx_usart.o
    0x08004da2   0x08004da2   0x00000002   PAD
    0x08004da4   0x08004da4   0x000000d4   Code   RO         5963    i.USART_Init        stm32f4xx_usart.o
    0x08004e78   0x08004e78   0x0000000a   Code   RO         5970    i.USART_ReceiveData  stm32f4xx_usart.o
    0x08004e82   0x08004e82   0x00000008   Code   RO         5973    i.USART_SendData    stm32f4xx_usart.o
    0x08004e8a   0x08004e8a   0x00000004   Code   RO         6424    i.UsageFault_Handler  stm32f4xx_it.o
    0x08004e8e   0x08004e8e   0x00000002   PAD
    0x08004e90   0x08004e90   0x00000050   Code   RO          741    i.W25QXX_BufferRead  flash_w25qxx.o
    0x08004ee0   0x08004ee0   0x00000090   Code   RO          742    i.W25QXX_BufferWrite  flash_w25qxx.o
    0x08004f70   0x08004f70   0x000000c0   Code   RO          743    i.W25QXX_Init       flash_w25qxx.o
    0x08005030   0x08005030   0x00000084   Code   RO          744    i.W25QXX_PageWrite  flash_w25qxx.o
    0x080050b4   0x080050b4   0x00000040   Code   RO          747    i.W25QXX_SectorErase  flash_w25qxx.o
    0x080050f4   0x080050f4   0x00000038   Code   RO          748    i.W25QXX_SendByte   flash_w25qxx.o
    0x0800512c   0x0800512c   0x00000044   Code   RO          749    i.W25QXX_WaitForWriteEnd  flash_w25qxx.o
    0x08005170   0x08005170   0x00000030   Code   RO          750    i.W25QXX_WaitSpiFlag  flash_w25qxx.o
    0x080051a0   0x080051a0   0x00000020   Code   RO          751    i.W25QXX_WriteEnable  flash_w25qxx.o
    0x080051c0   0x080051c0   0x0000006c   Code   RO         1137    i.Write_IIC_Byte    oled.o
    0x0800522c   0x0800522c   0x0000002c   Code   RO         1138    i.Write_IIC_Command  oled.o
    0x08005258   0x08005258   0x0000002c   Code   RO         1139    i.Write_IIC_Data    oled.o
    0x08005284   0x08005284   0x00000120   Code   RO         1270    i.XPT2046_FilterXY  xpt2046.o
    0x080053a4   0x080053a4   0x00000180   Code   RO         1271    i.XPT2046_GetTouchPoint  xpt2046.o
    0x08005524   0x08005524   0x0000008c   Code   RO         1272    i.XPT2046_Init      xpt2046.o
    0x080055b0   0x080055b0   0x00000010   Code   RO         1273    i.XPT2046_ReadAdc   xpt2046.o
    0x080055c0   0x080055c0   0x0000001e   Code   RO         1274    i.XPT2046_ReadAdcXY  xpt2046.o
    0x080055de   0x080055de   0x00000002   PAD
    0x080055e0   0x080055e0   0x00000050   Code   RO         1275    i.XPT2046_ReadCMD   xpt2046.o
    0x08005630   0x08005630   0x00000064   Code   RO         1278    i.XPT2046_WriteCMD  xpt2046.o
    0x08005694   0x08005694   0x000000a4   Code   RO            8    i.ZN632_CheckAck    fpr_zn632.o
    0x08005738   0x08005738   0x0000001c   Code   RO            9    i.ZN632_ClearRxBuf  fpr_zn632.o
    0x08005754   0x08005754   0x000000a6   Code   RO           10    i.ZN632_DeletChar   fpr_zn632.o
    0x080057fa   0x080057fa   0x00000070   Code   RO           11    i.ZN632_Empty       fpr_zn632.o
    0x0800586a   0x0800586a   0x00000002   PAD
    0x0800586c   0x0800586c   0x00000030   Code   RO           12    i.ZN632_GPIO_Init   fpr_zn632.o
    0x0800589c   0x0800589c   0x0000007c   Code   RO           13    i.ZN632_GenChar     fpr_zn632.o
    0x08005918   0x08005918   0x00000070   Code   RO           14    i.ZN632_GetImage    fpr_zn632.o
    0x08005988   0x08005988   0x0000003c   Code   RO           15    i.ZN632_GetIndexEmpty  fpr_zn632.o
    0x080059c4   0x080059c4   0x000000e0   Code   RO           16    i.ZN632_HighSpeedSearch  fpr_zn632.o
    0x08005aa4   0x08005aa4   0x00000040   Code   RO           17    i.ZN632_PowerOn     fpr_zn632.o
    0x08005ae4   0x08005ae4   0x00000094   Code   RO           18    i.ZN632_ReadIndexTable  fpr_zn632.o
    0x08005b78   0x08005b78   0x00000070   Code   RO           19    i.ZN632_RegModel    fpr_zn632.o
    0x08005be8   0x08005be8   0x00000030   Code   RO           20    i.ZN632_SendData    fpr_zn632.o
    0x08005c18   0x08005c18   0x00000044   Code   RO           21    i.ZN632_SendHead    fpr_zn632.o
    0x08005c5c   0x08005c5c   0x00000038   Code   RO           22    i.ZN632_SetIndex    fpr_zn632.o
    0x08005c94   0x08005c94   0x00000002   Code   RO           23    i.ZN632_ShowError   fpr_zn632.o
    0x08005c96   0x08005c96   0x00000096   Code   RO           24    i.ZN632_StoreChar   fpr_zn632.o
    0x08005d2c   0x08005d2c   0x000000b0   Code   RO           25    i.ZN632_UART_Init   fpr_zn632.o
    0x08005ddc   0x08005ddc   0x0000009c   Code   RO           27    i.ZN632_VryPwd      fpr_zn632.o
    0x08005e78   0x08005e78   0x00000020   Code   RO         6823    i.__0printf         mc_w.l(printfa.o)
    0x08005e98   0x08005e98   0x00000028   Code   RO         6825    i.__0sprintf        mc_w.l(printfa.o)
    0x08005ec0   0x08005ec0   0x0000000e   Code   RO         6957    i.__scatterload_copy  mc_w.l(handlers.o)
    0x08005ece   0x08005ece   0x00000002   Code   RO         6958    i.__scatterload_null  mc_w.l(handlers.o)
    0x08005ed0   0x08005ed0   0x0000000e   Code   RO         6959    i.__scatterload_zeroinit  mc_w.l(handlers.o)
    0x08005ede   0x08005ede   0x00000002   PAD
    0x08005ee0   0x08005ee0   0x00000184   Code   RO         6830    i._fp_digits        mc_w.l(printfa.o)
    0x08006064   0x08006064   0x000006dc   Code   RO         6831    i._printf_core      mc_w.l(printfa.o)
    0x08006740   0x08006740   0x00000024   Code   RO         6832    i._printf_post_padding  mc_w.l(printfa.o)
    0x08006764   0x08006764   0x0000002e   Code   RO         6833    i._printf_pre_padding  mc_w.l(printfa.o)
    0x08006792   0x08006792   0x0000000a   Code   RO         6835    i._sputc            mc_w.l(printfa.o)
    0x0800679c   0x0800679c   0x0000001e   Code   RO         6498    i.delay_ms          delay.o
    0x080067ba   0x080067ba   0x0000001c   Code   RO         6499    i.delay_us          delay.o
    0x080067d6   0x080067d6   0x00000002   PAD
    0x080067d8   0x080067d8   0x00000024   Code   RO          504    i.fputc             usart.o
    0x080067fc   0x080067fc   0x0000031c   Code   RO         6231    i.main              main.o
    0x08006b18   0x08006b18   0x000005f0   Data   RO          329    .constdata          lcd_fonts.o
    0x08007108   0x08007108   0x00000818   Data   RO         1142    .constdata          oled.o
    0x08007920   0x08007920   0x00000038   Data   RO         6233    .constdata          main.o
    0x08007958   0x08007958   0x00000036   Data   RO         6234    .conststring        main.o
    0x0800798e   0x0800798e   0x00000002   PAD
    0x08007990   0x08007990   0x00000020   Data   RO         6955    Region$$Table       anon$$obj.o


    Execution Region ER_RW (Exec base: 0x20000000, Load base: 0x080079b0, Size: 0x00000224, Max: 0xffffffff, ABSOLUTE, COMPRESSED[0x000001c0])

    Exec Addr    Load Addr    Size         Type   Attr      Idx    E Section Name        Object

    0x20000000   COMPRESSED   0x00000009   Data   RW           29    .data               fpr_zn632.o
    0x20000009   COMPRESSED   0x00000003   PAD
    0x2000000c   COMPRESSED   0x0000000c   Data   RW          330    .data               lcd_fonts.o
    0x20000018   COMPRESSED   0x0000000a   Data   RW          387    .data               lcd_ili9341.o
    0x20000022   COMPRESSED   0x00000003   Data   RW          832    .data               gps.o
    0x20000025   COMPRESSED   0x00000003   PAD
    0x20000028   COMPRESSED   0x00000010   Data   RW          974    .data               ir_recv.o
    0x20000038   COMPRESSED   0x00000196   Data   RW         1279    .data               xpt2046.o
    0x200001ce   COMPRESSED   0x00000010   Data   RW         4112    .data               stm32f4xx_rcc.o
    0x200001de   COMPRESSED   0x00000002   PAD
    0x200001e0   COMPRESSED   0x00000029   Data   RW         6235    .data               main.o
    0x20000209   COMPRESSED   0x00000003   PAD
    0x2000020c   COMPRESSED   0x00000014   Data   RW         6533    .data               system_stm32f4xx.o
    0x20000220   COMPRESSED   0x00000004   Data   RW         6875    .data               mc_w.l(stdout.o)


    Execution Region ER_ZI (Exec base: 0x20000224, Load base: 0x08007b70, Size: 0x000006b4, Max: 0xffffffff, ABSOLUTE)

    Exec Addr    Load Addr    Size         Type   Attr      Idx    E Section Name        Object

    0x20000224        -       0x000000a0   Zero   RW           28    .bss                fpr_zn632.o
    0x200002c4        -       0x000001f4   Zero   RW          831    .bss                gps.o
    0x200004b8        -       0x00000020   Zero   RW         6232    .bss                main.o
    0x200004d8        -       0x00000400   Zero   RW         6489    STACK               startup_stm32f40_41xxx.o


==============================================================================

Image component sizes


      Code (inc. data)   RO Data    RW Data    ZI Data      Debug   Object Name

       116         44          0          0          0        618   can.o
        58          0          0          0          0        998   delay.o
       434         32          0          0          0       4822   dht11.o
       816         76          0          0          0       6996   flash_w25qxx.o
      2538        268          0          9        160     351281   fpr_zn632.o
       128         16          0          3        500       1291   gps.o
       660         58          0         16          0       3279   ir_recv.o
        68         10       1520         12          0       2201   lcd_fonts.o
      1146         98          0         10          0      10446   lcd_ili9341.o
      9854       1662        110         41         32     277330   main.o
       120         14          0          0          0       1112   misc.o
       220         14          0          0          0       2118   mq.o
       944         34       2072          0          0       8278   oled.o
       210          0          0          0          0       2101   rtc.o
        36          8        392          0       1024        860   startup_stm32f40_41xxx.o
       400         24          0          0          0       6707   stm32f4xx_adc.o
       240          0          0          0          0       1658   stm32f4xx_can.o
       282          6          0          0          0       1925   stm32f4xx_fsmc.o
       240          0          0          0          0       3611   stm32f4xx_gpio.o
        26          0          0          0          0       4022   stm32f4xx_it.o
        12          6          0          0          0        526   stm32f4xx_pwr.o
       540         66          0         16          0       7599   stm32f4xx_rcc.o
       970         66          0          0          0       8710   stm32f4xx_rtc.o
       112          0          0          0          0       3582   stm32f4xx_spi.o
       712         28          0          0          0      10722   stm32f4xx_tim.o
       468          8          0          0          0       6207   stm32f4xx_usart.o
       340         32          0         20          0       1925   system_stm32f4xx.o
       232         18          0          0          0       3541   usart.o
      1038         32          0        406          0       7337   xpt2046.o

    ----------------------------------------------------------------------
     23006       2620       4128        544       1716     741803   Object Totals
         0          0         32          0          0          0   (incl. Generated)
        46          0          2         11          0          0   (incl. Padding)

    ----------------------------------------------------------------------

      Code (inc. data)   RO Data    RW Data    ZI Data      Debug   Library Member Name

        86          0          0          0          0          0   __dczerorl2.o
         0          0          0          0          0          0   entry.o
         0          0          0          0          0          0   entry10a.o
         0          0          0          0          0          0   entry11a.o
         8          4          0          0          0          0   entry2.o
         4          0          0          0          0          0   entry5.o
         0          0          0          0          0          0   entry7b.o
         0          0          0          0          0          0   entry8b.o
         8          4          0          0          0          0   entry9a.o
        30          0          0          0          0          0   handlers.o
        36          8          0          0          0         68   init.o
         0          0          0          0          0          0   iusefp.o
        30          0          0          0          0         68   llshl.o
        36          0          0          0          0         68   llsshr.o
        32          0          0          0          0         68   llushr.o
        36          0          0          0          0         68   memcpya.o
        36          0          0          0          0        108   memseta.o
      2308         96          0          0          0        604   printfa.o
         0          0          0          4          0          0   stdout.o
        28          0          0          0          0         76   strcmp.o
        18          0          0          0          0         68   strcpy.o
        14          0          0          0          0         68   strlen.o
        44          0          0          0          0         80   uidiv.o
        98          0          0          0          0         92   uldiv.o
        48          0          0          0          0         68   cdrcmple.o
       334          0          0          0          0        148   dadd.o
       222          0          0          0          0        100   ddiv.o
       186          0          0          0          0        176   depilogue.o
        62          0          0          0          0         80   dfixi.o
        48          0          0          0          0         68   dfixul.o
        34          0          0          0          0         76   dflti.o
       228          0          0          0          0         96   dmul.o

    ----------------------------------------------------------------------
      4018        112          0          4          0       2248   Library Totals
         4          0          0          0          0          0   (incl. Padding)

    ----------------------------------------------------------------------

      Code (inc. data)   RO Data    RW Data    ZI Data      Debug   Library Name

      2852        112          0          4          0       1436   mc_w.l
      1162          0          0          0          0        812   mf_w.l

    ----------------------------------------------------------------------
      4018        112          0          4          0       2248   Library Totals

    ----------------------------------------------------------------------

==============================================================================


      Code (inc. data)   RO Data    RW Data    ZI Data      Debug   

     27024       2732       4128        548       1716     723639   Grand Totals
     27024       2732       4128        448       1716     723639   ELF Image Totals (compressed)
     27024       2732       4128        448          0          0   ROM Totals

==============================================================================

    Total RO  Size (Code + RO Data)                31152 (  30.42kB)
    Total RW  Size (RW Data + ZI Data)              2264 (   2.21kB)
    Total ROM Size (Code + RO Data + RW Data)      31600 (  30.86kB)

==============================================================================

